Archive member included to satisfy reference by file (symbol)

D:/Tools/ARM_Tools/ARM_GCC/bin/../lib/gcc/arm-none-eabi/14.3.1/../../../../arm-none-eabi/lib/thumb/v7-m/nofp\libg_nano.a(libc_a-errno.o)
                              ./system/src/newlib/_sbrk.o (__errno)
D:/Tools/ARM_Tools/ARM_GCC/bin/../lib/gcc/arm-none-eabi/14.3.1/../../../../arm-none-eabi/lib/thumb/v7-m/nofp\libg_nano.a(libc_a-impure.o)
                              D:/Tools/ARM_Tools/ARM_GCC/bin/../lib/gcc/arm-none-eabi/14.3.1/../../../../arm-none-eabi/lib/thumb/v7-m/nofp\libg_nano.a(libc_a-errno.o) (_impure_ptr)

Discarded input sections

 .text          0x00000000        0x0 ./system/src/stm32f1-stdperiph/misc.o
 .data          0x00000000        0x0 ./system/src/stm32f1-stdperiph/misc.o
 .bss           0x00000000        0x0 ./system/src/stm32f1-stdperiph/misc.o
 .text.NVIC_PriorityGroupConfig
                0x00000000       0x14 ./system/src/stm32f1-stdperiph/misc.o
 .text.NVIC_Init
                0x00000000       0x54 ./system/src/stm32f1-stdperiph/misc.o
 .text.NVIC_SetVectorTable
                0x00000000       0x14 ./system/src/stm32f1-stdperiph/misc.o
 .text.NVIC_SystemLPConfig
                0x00000000       0x18 ./system/src/stm32f1-stdperiph/misc.o
 .text.SysTick_CLKSourceConfig
                0x00000000       0x16 ./system/src/stm32f1-stdperiph/misc.o
 .debug_info    0x00000000      0x4f8 ./system/src/stm32f1-stdperiph/misc.o
 .debug_abbrev  0x00000000      0x195 ./system/src/stm32f1-stdperiph/misc.o
 .debug_loclists
                0x00000000      0x11e ./system/src/stm32f1-stdperiph/misc.o
 .debug_aranges
                0x00000000       0x40 ./system/src/stm32f1-stdperiph/misc.o
 .debug_rnglists
                0x00000000       0x2b ./system/src/stm32f1-stdperiph/misc.o
 .debug_line    0x00000000      0x249 ./system/src/stm32f1-stdperiph/misc.o
 .debug_str     0x00000000      0x3d6 ./system/src/stm32f1-stdperiph/misc.o
 .comment       0x00000000       0x47 ./system/src/stm32f1-stdperiph/misc.o
 .debug_frame   0x00000000       0x6c ./system/src/stm32f1-stdperiph/misc.o
 .ARM.attributes
                0x00000000       0x2d ./system/src/stm32f1-stdperiph/misc.o
 .text          0x00000000        0x0 ./system/src/stm32f1-stdperiph/stm32f10x_gpio.o
 .data          0x00000000        0x0 ./system/src/stm32f1-stdperiph/stm32f10x_gpio.o
 .bss           0x00000000        0x0 ./system/src/stm32f1-stdperiph/stm32f10x_gpio.o
 .text.GPIO_DeInit
                0x00000000       0xb8 ./system/src/stm32f1-stdperiph/stm32f10x_gpio.o
 .text.GPIO_AFIODeInit
                0x00000000       0x16 ./system/src/stm32f1-stdperiph/stm32f10x_gpio.o
 .text.GPIO_Init
                0x00000000       0x96 ./system/src/stm32f1-stdperiph/stm32f10x_gpio.o
 .text.GPIO_StructInit
                0x00000000        0xe ./system/src/stm32f1-stdperiph/stm32f10x_gpio.o
 .text.GPIO_ReadInputDataBit
                0x00000000        0xc ./system/src/stm32f1-stdperiph/stm32f10x_gpio.o
 .text.GPIO_ReadInputData
                0x00000000        0x6 ./system/src/stm32f1-stdperiph/stm32f10x_gpio.o
 .text.GPIO_ReadOutputDataBit
                0x00000000        0xc ./system/src/stm32f1-stdperiph/stm32f10x_gpio.o
 .text.GPIO_ReadOutputData
                0x00000000        0x6 ./system/src/stm32f1-stdperiph/stm32f10x_gpio.o
 .text.GPIO_SetBits
                0x00000000        0x4 ./system/src/stm32f1-stdperiph/stm32f10x_gpio.o
 .text.GPIO_ResetBits
                0x00000000        0x4 ./system/src/stm32f1-stdperiph/stm32f10x_gpio.o
 .text.GPIO_WriteBit
                0x00000000        0xa ./system/src/stm32f1-stdperiph/stm32f10x_gpio.o
 .text.GPIO_Write
                0x00000000        0x4 ./system/src/stm32f1-stdperiph/stm32f10x_gpio.o
 .text.GPIO_PinLockConfig
                0x00000000       0x10 ./system/src/stm32f1-stdperiph/stm32f10x_gpio.o
 .text.GPIO_EventOutputConfig
                0x00000000       0x1c ./system/src/stm32f1-stdperiph/stm32f10x_gpio.o
 .text.GPIO_EventOutputCmd
                0x00000000        0xc ./system/src/stm32f1-stdperiph/stm32f10x_gpio.o
 .text.GPIO_PinRemapConfig
                0x00000000       0x60 ./system/src/stm32f1-stdperiph/stm32f10x_gpio.o
 .text.GPIO_EXTILineConfig
                0x00000000       0x2a ./system/src/stm32f1-stdperiph/stm32f10x_gpio.o
 .text.GPIO_ETH_MediaInterfaceConfig
                0x00000000        0xc ./system/src/stm32f1-stdperiph/stm32f10x_gpio.o
 .debug_info    0x00000000      0x7f0 ./system/src/stm32f1-stdperiph/stm32f10x_gpio.o
 .debug_abbrev  0x00000000      0x268 ./system/src/stm32f1-stdperiph/stm32f10x_gpio.o
 .debug_loclists
                0x00000000      0x482 ./system/src/stm32f1-stdperiph/stm32f10x_gpio.o
 .debug_aranges
                0x00000000       0xa8 ./system/src/stm32f1-stdperiph/stm32f10x_gpio.o
 .debug_rnglists
                0x00000000       0x7b ./system/src/stm32f1-stdperiph/stm32f10x_gpio.o
 .debug_line    0x00000000      0x60e ./system/src/stm32f1-stdperiph/stm32f10x_gpio.o
 .debug_str     0x00000000      0x53d ./system/src/stm32f1-stdperiph/stm32f10x_gpio.o
 .comment       0x00000000       0x47 ./system/src/stm32f1-stdperiph/stm32f10x_gpio.o
 .debug_frame   0x00000000      0x170 ./system/src/stm32f1-stdperiph/stm32f10x_gpio.o
 .ARM.attributes
                0x00000000       0x2d ./system/src/stm32f1-stdperiph/stm32f10x_gpio.o
 .text          0x00000000        0x0 ./system/src/stm32f1-stdperiph/stm32f10x_rcc.o
 .data          0x00000000        0x0 ./system/src/stm32f1-stdperiph/stm32f10x_rcc.o
 .bss           0x00000000        0x0 ./system/src/stm32f1-stdperiph/stm32f10x_rcc.o
 .text.RCC_DeInit
                0x00000000       0x40 ./system/src/stm32f1-stdperiph/stm32f10x_rcc.o
 .text.RCC_HSEConfig
                0x00000000       0x38 ./system/src/stm32f1-stdperiph/stm32f10x_rcc.o
 .text.RCC_AdjustHSICalibrationValue
                0x00000000       0x14 ./system/src/stm32f1-stdperiph/stm32f10x_rcc.o
 .text.RCC_HSICmd
                0x00000000        0xc ./system/src/stm32f1-stdperiph/stm32f10x_rcc.o
 .text.RCC_PLLConfig
                0x00000000       0x14 ./system/src/stm32f1-stdperiph/stm32f10x_rcc.o
 .text.RCC_PLLCmd
                0x00000000        0xc ./system/src/stm32f1-stdperiph/stm32f10x_rcc.o
 .text.RCC_SYSCLKConfig
                0x00000000       0x14 ./system/src/stm32f1-stdperiph/stm32f10x_rcc.o
 .text.RCC_GetSYSCLKSource
                0x00000000       0x10 ./system/src/stm32f1-stdperiph/stm32f10x_rcc.o
 .text.RCC_HCLKConfig
                0x00000000       0x14 ./system/src/stm32f1-stdperiph/stm32f10x_rcc.o
 .text.RCC_PCLK1Config
                0x00000000       0x14 ./system/src/stm32f1-stdperiph/stm32f10x_rcc.o
 .text.RCC_PCLK2Config
                0x00000000       0x14 ./system/src/stm32f1-stdperiph/stm32f10x_rcc.o
 .text.RCC_ITConfig
                0x00000000       0x18 ./system/src/stm32f1-stdperiph/stm32f10x_rcc.o
 .text.RCC_USBCLKConfig
                0x00000000        0xc ./system/src/stm32f1-stdperiph/stm32f10x_rcc.o
 .text.RCC_ADCCLKConfig
                0x00000000       0x14 ./system/src/stm32f1-stdperiph/stm32f10x_rcc.o
 .text.RCC_LSEConfig
                0x00000000       0x28 ./system/src/stm32f1-stdperiph/stm32f10x_rcc.o
 .text.RCC_LSICmd
                0x00000000        0xc ./system/src/stm32f1-stdperiph/stm32f10x_rcc.o
 .text.RCC_RTCCLKConfig
                0x00000000       0x10 ./system/src/stm32f1-stdperiph/stm32f10x_rcc.o
 .text.RCC_RTCCLKCmd
                0x00000000        0xc ./system/src/stm32f1-stdperiph/stm32f10x_rcc.o
 .text.RCC_GetClocksFreq
                0x00000000       0x80 ./system/src/stm32f1-stdperiph/stm32f10x_rcc.o
 .text.RCC_AHBPeriphClockCmd
                0x00000000       0x18 ./system/src/stm32f1-stdperiph/stm32f10x_rcc.o
 .text.RCC_APB2PeriphClockCmd
                0x00000000       0x18 ./system/src/stm32f1-stdperiph/stm32f10x_rcc.o
 .text.RCC_APB1PeriphClockCmd
                0x00000000       0x18 ./system/src/stm32f1-stdperiph/stm32f10x_rcc.o
 .text.RCC_APB2PeriphResetCmd
                0x00000000       0x18 ./system/src/stm32f1-stdperiph/stm32f10x_rcc.o
 .text.RCC_APB1PeriphResetCmd
                0x00000000       0x18 ./system/src/stm32f1-stdperiph/stm32f10x_rcc.o
 .text.RCC_BackupResetCmd
                0x00000000        0xc ./system/src/stm32f1-stdperiph/stm32f10x_rcc.o
 .text.RCC_ClockSecuritySystemCmd
                0x00000000        0xc ./system/src/stm32f1-stdperiph/stm32f10x_rcc.o
 .text.RCC_MCOConfig
                0x00000000        0xc ./system/src/stm32f1-stdperiph/stm32f10x_rcc.o
 .text.RCC_GetFlagStatus
                0x00000000       0x28 ./system/src/stm32f1-stdperiph/stm32f10x_rcc.o
 .text.RCC_WaitForHSEStartUp
                0x00000000       0x2a ./system/src/stm32f1-stdperiph/stm32f10x_rcc.o
 .text.RCC_ClearFlag
                0x00000000       0x10 ./system/src/stm32f1-stdperiph/stm32f10x_rcc.o
 .text.RCC_GetITStatus
                0x00000000       0x14 ./system/src/stm32f1-stdperiph/stm32f10x_rcc.o
 .text.RCC_ClearITPendingBit
                0x00000000        0xc ./system/src/stm32f1-stdperiph/stm32f10x_rcc.o
 .rodata.ADCPrescTable
                0x00000000        0x4 ./system/src/stm32f1-stdperiph/stm32f10x_rcc.o
 .rodata.APBAHBPrescTable
                0x00000000       0x10 ./system/src/stm32f1-stdperiph/stm32f10x_rcc.o
 .debug_info    0x00000000      0x892 ./system/src/stm32f1-stdperiph/stm32f10x_rcc.o
 .debug_abbrev  0x00000000      0x221 ./system/src/stm32f1-stdperiph/stm32f10x_rcc.o
 .debug_loclists
                0x00000000      0x304 ./system/src/stm32f1-stdperiph/stm32f10x_rcc.o
 .debug_aranges
                0x00000000      0x118 ./system/src/stm32f1-stdperiph/stm32f10x_rcc.o
 .debug_rnglists
                0x00000000       0xce ./system/src/stm32f1-stdperiph/stm32f10x_rcc.o
 .debug_line    0x00000000      0x7f8 ./system/src/stm32f1-stdperiph/stm32f10x_rcc.o
 .debug_str     0x00000000      0x627 ./system/src/stm32f1-stdperiph/stm32f10x_rcc.o
 .comment       0x00000000       0x47 ./system/src/stm32f1-stdperiph/stm32f10x_rcc.o
 .debug_frame   0x00000000      0x224 ./system/src/stm32f1-stdperiph/stm32f10x_rcc.o
 .ARM.attributes
                0x00000000       0x2d ./system/src/stm32f1-stdperiph/stm32f10x_rcc.o
 .text          0x00000000        0x0 ./system/src/newlib/_cxx.o
 .data          0x00000000        0x0 ./system/src/newlib/_cxx.o
 .bss           0x00000000        0x0 ./system/src/newlib/_cxx.o
 .debug_info    0x00000000       0x73 ./system/src/newlib/_cxx.o
 .debug_abbrev  0x00000000       0x26 ./system/src/newlib/_cxx.o
 .debug_aranges
                0x00000000       0x18 ./system/src/newlib/_cxx.o
 .debug_line    0x00000000       0x3e ./system/src/newlib/_cxx.o
 .debug_str     0x00000000      0x1e7 ./system/src/newlib/_cxx.o
 .comment       0x00000000       0x47 ./system/src/newlib/_cxx.o
 .ARM.attributes
                0x00000000       0x2d ./system/src/newlib/_cxx.o
 .text          0x00000000        0x0 ./system/src/newlib/_exit.o
 .data          0x00000000        0x0 ./system/src/newlib/_exit.o
 .bss           0x00000000        0x0 ./system/src/newlib/_exit.o
 .text.abort    0x00000000        0x8 ./system/src/newlib/_exit.o
 .text          0x00000000        0x0 ./system/src/newlib/_sbrk.o
 .data          0x00000000        0x0 ./system/src/newlib/_sbrk.o
 .bss           0x00000000        0x0 ./system/src/newlib/_sbrk.o
 .text._sbrk    0x00000000       0x3c ./system/src/newlib/_sbrk.o
 .bss.current_heap_end.0
                0x00000000        0x4 ./system/src/newlib/_sbrk.o
 .debug_info    0x00000000      0x10b ./system/src/newlib/_sbrk.o
 .debug_abbrev  0x00000000       0xca ./system/src/newlib/_sbrk.o
 .debug_loclists
                0x00000000       0x64 ./system/src/newlib/_sbrk.o
 .debug_aranges
                0x00000000       0x20 ./system/src/newlib/_sbrk.o
 .debug_rnglists
                0x00000000       0x13 ./system/src/newlib/_sbrk.o
 .debug_line    0x00000000       0xfb ./system/src/newlib/_sbrk.o
 .debug_str     0x00000000      0x1e6 ./system/src/newlib/_sbrk.o
 .comment       0x00000000       0x47 ./system/src/newlib/_sbrk.o
 .debug_frame   0x00000000       0x28 ./system/src/newlib/_sbrk.o
 .ARM.attributes
                0x00000000       0x2d ./system/src/newlib/_sbrk.o
 .text          0x00000000        0x0 ./system/src/newlib/_startup.o
 .data          0x00000000        0x0 ./system/src/newlib/_startup.o
 .bss           0x00000000        0x0 ./system/src/newlib/_startup.o
 .text.__initialize_data
                0x00000000       0x10 ./system/src/newlib/_startup.o
 .text.__initialize_bss
                0x00000000        0xe ./system/src/newlib/_startup.o
 .text.__run_init_array
                0x00000000       0x44 ./system/src/newlib/_startup.o
 .text.__run_fini_array
                0x00000000       0x24 ./system/src/newlib/_startup.o
 .text          0x00000000        0x0 ./system/src/newlib/_syscalls.o
 .data          0x00000000        0x0 ./system/src/newlib/_syscalls.o
 .bss           0x00000000        0x0 ./system/src/newlib/_syscalls.o
 .text.raise    0x00000000       0x10 ./system/src/newlib/_syscalls.o
 .text.kill     0x00000000       0x10 ./system/src/newlib/_syscalls.o
 .bss.__dso_handle
                0x00000000        0x4 ./system/src/newlib/_syscalls.o
 .bss.errno     0x00000000        0x4 ./system/src/newlib/_syscalls.o
 .text          0x00000000        0x0 ./system/src/newlib/assert.o
 .data          0x00000000        0x0 ./system/src/newlib/assert.o
 .bss           0x00000000        0x0 ./system/src/newlib/assert.o
 .text.__assert_func
                0x00000000        0x6 ./system/src/newlib/assert.o
 .debug_info    0x00000000      0x115 ./system/src/newlib/assert.o
 .debug_abbrev  0x00000000       0xb5 ./system/src/newlib/assert.o
 .debug_loclists
                0x00000000       0x80 ./system/src/newlib/assert.o
 .debug_aranges
                0x00000000       0x20 ./system/src/newlib/assert.o
 .debug_rnglists
                0x00000000       0x13 ./system/src/newlib/assert.o
 .debug_line    0x00000000       0xc4 ./system/src/newlib/assert.o
 .debug_str     0x00000000      0x1cf ./system/src/newlib/assert.o
 .comment       0x00000000       0x47 ./system/src/newlib/assert.o
 .debug_frame   0x00000000       0x28 ./system/src/newlib/assert.o
 .ARM.attributes
                0x00000000       0x2d ./system/src/newlib/assert.o
 .text          0x00000000        0x0 ./system/src/diag/Trace.o
 .data          0x00000000        0x0 ./system/src/diag/Trace.o
 .bss           0x00000000        0x0 ./system/src/diag/Trace.o
 .debug_line    0x00000000        0x0 ./system/src/diag/Trace.o
 .debug_str     0x00000000       0xf5 ./system/src/diag/Trace.o
 .comment       0x00000000       0x47 ./system/src/diag/Trace.o
 .ARM.attributes
                0x00000000       0x2d ./system/src/diag/Trace.o
 .text          0x00000000        0x0 ./system/src/diag/trace_impl.o
 .data          0x00000000        0x0 ./system/src/diag/trace_impl.o
 .bss           0x00000000        0x0 ./system/src/diag/trace_impl.o
 .debug_line    0x00000000        0x0 ./system/src/diag/trace_impl.o
 .debug_str     0x00000000       0xfa ./system/src/diag/trace_impl.o
 .comment       0x00000000       0x47 ./system/src/diag/trace_impl.o
 .ARM.attributes
                0x00000000       0x2d ./system/src/diag/trace_impl.o
 .text          0x00000000        0x0 ./system/src/cortexm/_initialize_hardware.o
 .data          0x00000000        0x0 ./system/src/cortexm/_initialize_hardware.o
 .bss           0x00000000        0x0 ./system/src/cortexm/_initialize_hardware.o
 .text          0x00000000        0x0 ./system/src/cortexm/_reset_hardware.o
 .data          0x00000000        0x0 ./system/src/cortexm/_reset_hardware.o
 .bss           0x00000000        0x0 ./system/src/cortexm/_reset_hardware.o
 .text          0x00000000        0x0 ./system/src/cortexm/exception_handlers.o
 .data          0x00000000        0x0 ./system/src/cortexm/exception_handlers.o
 .bss           0x00000000        0x0 ./system/src/cortexm/exception_handlers.o
 .text          0x00000000        0x0 ./system/src/cmsis/system_stm32f10x.o
 .data          0x00000000        0x0 ./system/src/cmsis/system_stm32f10x.o
 .bss           0x00000000        0x0 ./system/src/cmsis/system_stm32f10x.o
 .text          0x00000000        0x0 ./system/src/cmsis/vectors_stm32f10x.o
 .data          0x00000000        0x0 ./system/src/cmsis/vectors_stm32f10x.o
 .bss           0x00000000        0x0 ./system/src/cmsis/vectors_stm32f10x.o
 .text          0x00000000        0x0 ./src/main.o
 .data          0x00000000        0x0 ./src/main.o
 .bss           0x00000000        0x0 ./src/main.o
 .text          0x00000000        0x0 ./02-MCAL/01-RCC/RCC_program.o
 .data          0x00000000        0x0 ./02-MCAL/01-RCC/RCC_program.o
 .bss           0x00000000        0x0 ./02-MCAL/01-RCC/RCC_program.o
 .text.RCC_voidEnableClockSource
                0x00000000       0x28 ./02-MCAL/01-RCC/RCC_program.o
 .text.RCC_voidDisableClockSource
                0x00000000       0x28 ./02-MCAL/01-RCC/RCC_program.o
 .text.RCC_voidDisablePeripheralClock
                0x00000000       0x48 ./02-MCAL/01-RCC/RCC_program.o
 .text.RCC_voidResetPeripheral
                0x00000000       0x24 ./02-MCAL/01-RCC/RCC_program.o
 .text          0x00000000        0x0 D:/Tools/ARM_Tools/ARM_GCC/bin/../lib/gcc/arm-none-eabi/14.3.1/../../../../arm-none-eabi/lib/thumb/v7-m/nofp\libg_nano.a(libc_a-errno.o)
 .data          0x00000000        0x0 D:/Tools/ARM_Tools/ARM_GCC/bin/../lib/gcc/arm-none-eabi/14.3.1/../../../../arm-none-eabi/lib/thumb/v7-m/nofp\libg_nano.a(libc_a-errno.o)
 .bss           0x00000000        0x0 D:/Tools/ARM_Tools/ARM_GCC/bin/../lib/gcc/arm-none-eabi/14.3.1/../../../../arm-none-eabi/lib/thumb/v7-m/nofp\libg_nano.a(libc_a-errno.o)
 .text.__errno  0x00000000        0xc D:/Tools/ARM_Tools/ARM_GCC/bin/../lib/gcc/arm-none-eabi/14.3.1/../../../../arm-none-eabi/lib/thumb/v7-m/nofp\libg_nano.a(libc_a-errno.o)
 .debug_frame   0x00000000       0x20 D:/Tools/ARM_Tools/ARM_GCC/bin/../lib/gcc/arm-none-eabi/14.3.1/../../../../arm-none-eabi/lib/thumb/v7-m/nofp\libg_nano.a(libc_a-errno.o)
 .ARM.attributes
                0x00000000       0x2d D:/Tools/ARM_Tools/ARM_GCC/bin/../lib/gcc/arm-none-eabi/14.3.1/../../../../arm-none-eabi/lib/thumb/v7-m/nofp\libg_nano.a(libc_a-errno.o)
 .text          0x00000000        0x0 D:/Tools/ARM_Tools/ARM_GCC/bin/../lib/gcc/arm-none-eabi/14.3.1/../../../../arm-none-eabi/lib/thumb/v7-m/nofp\libg_nano.a(libc_a-impure.o)
 .data          0x00000000        0x0 D:/Tools/ARM_Tools/ARM_GCC/bin/../lib/gcc/arm-none-eabi/14.3.1/../../../../arm-none-eabi/lib/thumb/v7-m/nofp\libg_nano.a(libc_a-impure.o)
 .bss           0x00000000        0x0 D:/Tools/ARM_Tools/ARM_GCC/bin/../lib/gcc/arm-none-eabi/14.3.1/../../../../arm-none-eabi/lib/thumb/v7-m/nofp\libg_nano.a(libc_a-impure.o)
 .data._impure_ptr
                0x00000000        0x4 D:/Tools/ARM_Tools/ARM_GCC/bin/../lib/gcc/arm-none-eabi/14.3.1/../../../../arm-none-eabi/lib/thumb/v7-m/nofp\libg_nano.a(libc_a-impure.o)
 .data._impure_data
                0x00000000       0x4c D:/Tools/ARM_Tools/ARM_GCC/bin/../lib/gcc/arm-none-eabi/14.3.1/../../../../arm-none-eabi/lib/thumb/v7-m/nofp\libg_nano.a(libc_a-impure.o)
 .ARM.attributes
                0x00000000       0x2d D:/Tools/ARM_Tools/ARM_GCC/bin/../lib/gcc/arm-none-eabi/14.3.1/../../../../arm-none-eabi/lib/thumb/v7-m/nofp\libg_nano.a(libc_a-impure.o)

Memory Configuration

Name             Origin             Length             Attributes
RAM              0x20000000         0x00005000         xrw
CCMRAM           0x00000000         0x00000000         xrw
FLASH            0x08000000         0x00010000         xr
FLASHB1          0x00000000         0x00000000         xr
EXTMEMB0         0x00000000         0x00000000         xr
EXTMEMB1         0x00000000         0x00000000         xr
EXTMEMB2         0x00000000         0x00000000         xr
EXTMEMB3         0x00000000         0x00000000         xr
MEMORY_ARRAY     0x00000000         0x00000000         xrw
*default*        0x00000000         0xffffffff

Linker script and memory map

LOAD ./system/src/stm32f1-stdperiph/misc.o
LOAD ./system/src/stm32f1-stdperiph/stm32f10x_gpio.o
LOAD ./system/src/stm32f1-stdperiph/stm32f10x_rcc.o
LOAD ./system/src/newlib/_cxx.o
LOAD ./system/src/newlib/_exit.o
LOAD ./system/src/newlib/_sbrk.o
LOAD ./system/src/newlib/_startup.o
LOAD ./system/src/newlib/_syscalls.o
LOAD ./system/src/newlib/assert.o
LOAD ./system/src/diag/Trace.o
LOAD ./system/src/diag/trace_impl.o
LOAD ./system/src/cortexm/_initialize_hardware.o
LOAD ./system/src/cortexm/_reset_hardware.o
LOAD ./system/src/cortexm/exception_handlers.o
LOAD ./system/src/cmsis/system_stm32f10x.o
LOAD ./system/src/cmsis/vectors_stm32f10x.o
LOAD ./src/main.o
LOAD ./02-MCAL/01-RCC/RCC_program.o
LOAD D:/Tools/ARM_Tools/ARM_GCC/bin/../lib/gcc/arm-none-eabi/14.3.1/../../../../arm-none-eabi/lib/thumb/v7-m/nofp\libstdc++_nano.a
LOAD D:/Tools/ARM_Tools/ARM_GCC/bin/../lib/gcc/arm-none-eabi/14.3.1/../../../../arm-none-eabi/lib/thumb/v7-m/nofp\libm.a
START GROUP
LOAD D:/Tools/ARM_Tools/ARM_GCC/bin/../lib/gcc/arm-none-eabi/14.3.1/thumb/v7-m/nofp\libgcc.a
LOAD D:/Tools/ARM_Tools/ARM_GCC/bin/../lib/gcc/arm-none-eabi/14.3.1/../../../../arm-none-eabi/lib/thumb/v7-m/nofp\libg_nano.a
LOAD D:/Tools/ARM_Tools/ARM_GCC/bin/../lib/gcc/arm-none-eabi/14.3.1/../../../../arm-none-eabi/lib/thumb/v7-m/nofp\libc_nano.a
END GROUP
START GROUP
LOAD D:/Tools/ARM_Tools/ARM_GCC/bin/../lib/gcc/arm-none-eabi/14.3.1/thumb/v7-m/nofp\libgcc.a
LOAD D:/Tools/ARM_Tools/ARM_GCC/bin/../lib/gcc/arm-none-eabi/14.3.1/../../../../arm-none-eabi/lib/thumb/v7-m/nofp\libc_nano.a
END GROUP
                0x20005000                        __stack = (ORIGIN (RAM) + LENGTH (RAM))
                0x20005000                        _estack = __stack
                0x00000400                        __Main_Stack_Size = 0x400
                [!provide]                        PROVIDE (_Main_Stack_Size = __Main_Stack_Size)
                0x20004c00                        __Main_Stack_Limit = (__stack - __Main_Stack_Size)
                [!provide]                        PROVIDE (_Main_Stack_Limit = __Main_Stack_Limit)
                0x00000100                        _Minimum_Stack_Size = 0x100
                0x20000010                        PROVIDE (_Heap_Begin = _end_noinit)
                0x20004c00                        PROVIDE (_Heap_Limit = (__stack - __Main_Stack_Size))

.isr_vector     0x08000000      0x22a
 FILL mask 0xff
                0x08000000                        __vectors_start = ABSOLUTE (.)
                0x08000000                        __vectors_start__ = ABSOLUTE (.)
 *(.isr_vector)
 .isr_vector    0x08000000      0x10c ./system/src/cmsis/vectors_stm32f10x.o
                0x08000000                __isr_vectors
 *(.cfmconfig)
 *(.after_vectors .after_vectors.*)
 .after_vectors
                0x0800010c       0xb8 ./system/src/newlib/_startup.o
                0x0800010c                _start
 .after_vectors
                0x080001c4       0x64 ./system/src/cortexm/exception_handlers.o
                0x080001c4                Reset_Handler
                0x080001c8                NMI_Handler
                0x080001ca                HardFault_Handler
                0x080001de                HardFault_Handler_C
                0x080001e0                MemManage_Handler
                0x080001e2                BusFault_Handler
                0x080001f6                BusFault_Handler_C
                0x080001f8                UsageFault_Handler
                0x0800020c                UsageFault_Handler_C
                0x0800020e                SVC_Handler
                0x08000210                DebugMon_Handler
                0x08000212                PendSV_Handler
                0x08000214                SysTick_Handler
 .after_vectors
                0x08000228        0x2 ./system/src/cmsis/vectors_stm32f10x.o
                0x08000228                EXTI2_IRQHandler
                0x08000228                TIM8_TRG_COM_IRQHandler
                0x08000228                TIM8_CC_IRQHandler
                0x08000228                TIM1_CC_IRQHandler
                0x08000228                TIM6_IRQHandler
                0x08000228                PVD_IRQHandler
                0x08000228                SDIO_IRQHandler
                0x08000228                CAN2_RX1_IRQHandler
                0x08000228                EXTI3_IRQHandler
                0x08000228                TIM8_TRG_COM_TIM14_IRQHandler
                0x08000228                TIM1_UP_TIM10_IRQHandler
                0x08000228                TIM8_UP_TIM13_IRQHandler
                0x08000228                EXTI0_IRQHandler
                0x08000228                I2C2_EV_IRQHandler
                0x08000228                CAN1_RX0_IRQHandler
                0x08000228                TIM1_UP_TIM16_IRQHandler
                0x08000228                CAN2_SCE_IRQHandler
                0x08000228                ADC1_2_IRQHandler
                0x08000228                SPI1_IRQHandler
                0x08000228                TAMPER_IRQHandler
                0x08000228                TIM6_DAC_IRQHandler
                0x08000228                TIM1_BRK_TIM9_IRQHandler
                0x08000228                CAN2_RX0_IRQHandler
                0x08000228                TIM8_UP_IRQHandler
                0x08000228                DMA2_Channel2_IRQHandler
                0x08000228                DMA1_Channel4_IRQHandler
                0x08000228                USART3_IRQHandler
                0x08000228                RTC_IRQHandler
                0x08000228                DMA1_Channel7_IRQHandler
                0x08000228                CAN1_RX1_IRQHandler
                0x08000228                UART5_IRQHandler
                0x08000228                ADC3_IRQHandler
                0x08000228                TIM4_IRQHandler
                0x08000228                DMA2_Channel1_IRQHandler
                0x08000228                I2C1_EV_IRQHandler
                0x08000228                DMA1_Channel6_IRQHandler
                0x08000228                UART4_IRQHandler
                0x08000228                DMA2_Channel4_IRQHandler
                0x08000228                TIM3_IRQHandler
                0x08000228                RCC_IRQHandler
                0x08000228                TIM8_BRK_TIM12_IRQHandler
                0x08000228                TIM1_TRG_COM_IRQHandler
                0x08000228                DMA1_Channel1_IRQHandler
                0x08000228                Default_Handler
                0x08000228                CEC_IRQHandler
                0x08000228                EXTI15_10_IRQHandler
                0x08000228                TIM14_IRQHandler
                0x08000228                TIM13_IRQHandler
                0x08000228                TIM12_IRQHandler
                0x08000228                TIM7_IRQHandler
                0x08000228                CAN2_TX_IRQHandler
                0x08000228                TIM5_IRQHandler
                0x08000228                EXTI9_5_IRQHandler
                0x08000228                ETH_WKUP_IRQHandler
                0x08000228                SPI2_IRQHandler
                0x08000228                CAN1_TX_IRQHandler
                0x08000228                DMA2_Channel5_IRQHandler
                0x08000228                DMA1_Channel5_IRQHandler
                0x08000228                EXTI4_IRQHandler
                0x08000228                USB_LP_CAN1_RX0_IRQHandler
                0x08000228                TIM1_TRG_COM_TIM17_IRQHandler
                0x08000228                USB_HP_CAN1_TX_IRQHandler
                0x08000228                DMA1_Channel3_IRQHandler
                0x08000228                FSMC_IRQHandler
                0x08000228                ETH_IRQHandler
                0x08000228                TIM1_UP_IRQHandler
                0x08000228                WWDG_IRQHandler
                0x08000228                TIM2_IRQHandler
                0x08000228                OTG_FS_WKUP_IRQHandler
                0x08000228                TIM1_TRG_COM_TIM11_IRQHandler
                0x08000228                TIM1_BRK_IRQHandler
                0x08000228                EXTI1_IRQHandler
                0x08000228                RTCAlarm_IRQHandler
                0x08000228                DMA2_Channel4_5_IRQHandler
                0x08000228                USART2_IRQHandler
                0x08000228                I2C2_ER_IRQHandler
                0x08000228                DMA1_Channel2_IRQHandler
                0x08000228                TIM8_BRK_IRQHandler
                0x08000228                CAN1_SCE_IRQHandler
                0x08000228                FLASH_IRQHandler
                0x08000228                USART1_IRQHandler
                0x08000228                OTG_FS_IRQHandler
                0x08000228                SPI3_IRQHandler
                0x08000228                I2C1_ER_IRQHandler
                0x08000228                USBWakeUp_IRQHandler
                0x08000228                DMA2_Channel3_IRQHandler
                0x08000228                TIM1_BRK_TIM15_IRQHandler

.inits          0x0800022c       0x28
                0x0800022c                        __data_regions_array_start = .
                0x0800022c        0x4 LONG 0x8000498 LOADADDR (.data)
                0x08000230        0x4 LONG 0x20000000 ADDR (.data)
                0x08000234        0x4 LONG 0x2000000c (ADDR (.data) + SIZEOF (.data))
                0x08000238        0x4 LONG 0x8000498 LOADADDR (.data_CCMRAM)
                0x0800023c        0x4 LONG 0x0 ADDR (.data_CCMRAM)
                0x08000240        0x4 LONG 0x0 (ADDR (.data_CCMRAM) + SIZEOF (.data_CCMRAM))
                0x08000244                        __data_regions_array_end = .
                0x08000244                        __bss_regions_array_start = .
                0x08000244        0x4 LONG 0x2000000c ADDR (.bss)
                0x08000248        0x4 LONG 0x20000010 (ADDR (.bss) + SIZEOF (.bss))
                0x0800024c        0x4 LONG 0x0 ADDR (.bss_CCMRAM)
                0x08000250        0x4 LONG 0x0 (ADDR (.bss_CCMRAM) + SIZEOF (.bss_CCMRAM))
                0x08000254                        __bss_regions_array_end = .
 *(.init)
 *(.fini)
                0x08000254                        . = ALIGN (0x4)
                0x08000254                        PROVIDE (__preinit_array_start = .)
 *(.preinit_array_sysinit .preinit_array_sysinit.*)
 *(.preinit_array_platform .preinit_array_platform.*)
 *(.preinit_array .preinit_array.*)
                0x08000254                        PROVIDE (__preinit_array_end = .)
                0x08000254                        . = ALIGN (0x4)
                0x08000254                        PROVIDE (__init_array_start = .)
 *(SORT_BY_NAME(.init_array.*))
 *(.init_array)
                0x08000254                        PROVIDE (__init_array_end = .)
                0x08000254                        . = ALIGN (0x4)
                0x08000254                        PROVIDE (__fini_array_start = .)
 *(SORT_BY_NAME(.fini_array.*))
 *(.fini_array)
                0x08000254                        PROVIDE (__fini_array_end = .)

.flashtext
 *(.flashtext .flashtext.*)

.text           0x08000254      0x244
 *(.text .text.*)
 .text._exit    0x08000254        0x6 ./system/src/newlib/_exit.o
                0x08000254                _exit
 *fill*         0x0800025a        0x2 
 .text.__initialize_args
                0x0800025c       0x10 ./system/src/newlib/_syscalls.o
                0x0800025c                __initialize_args
 .text.__initialize_hardware_early
                0x0800026c       0x18 ./system/src/cortexm/_initialize_hardware.o
                0x0800026c                __initialize_hardware_early
 .text.__initialize_hardware
                0x08000284        0x4 ./system/src/cortexm/_initialize_hardware.o
                0x08000284                __initialize_hardware
 .text.__reset_hardware
                0x08000288       0x24 ./system/src/cortexm/_reset_hardware.o
                0x08000288                __reset_hardware
 .text.SystemInit
                0x080002ac       0xf0 ./system/src/cmsis/system_stm32f10x.o
                0x080002ac                SystemInit
 .text.SystemCoreClockUpdate
                0x0800039c       0x54 ./system/src/cmsis/system_stm32f10x.o
                0x0800039c                SystemCoreClockUpdate
 .text.startup.main
                0x080003f0       0x48 ./src/main.o
                0x080003f0                main
 .text.RCC_voidInitSysClock
                0x08000438       0x14 ./02-MCAL/01-RCC/RCC_program.o
                0x08000438                RCC_voidInitSysClock
 .text.RCC_voidEnablePeripheralClock
                0x0800044c       0x3c ./02-MCAL/01-RCC/RCC_program.o
                0x0800044c                RCC_voidEnablePeripheralClock
 *(.rodata .rodata.* .constdata .constdata.*)
 .rodata.AHBPrescTable
                0x08000488       0x10 ./system/src/cmsis/system_stm32f10x.o
                0x08000488                AHBPrescTable
 *(vtable)
 *(.eh_frame*)
 *(.glue_7)
 .glue_7        0x08000498        0x0 linker stubs
 *(.glue_7t)
 .glue_7t       0x08000498        0x0 linker stubs

.vfp11_veneer   0x08000498        0x0
 .vfp11_veneer  0x08000498        0x0 linker stubs

.v4_bx          0x08000498        0x0
 .v4_bx         0x08000498        0x0 linker stubs

.iplt           0x08000498        0x0
 .iplt          0x08000498        0x0 ./system/src/newlib/_exit.o

.rel.dyn        0x08000498        0x0
 .rel.iplt      0x08000498        0x0 ./system/src/newlib/_exit.o

.ARM.extab
 *(.ARM.extab* .gnu.linkonce.armextab.*)
                0x08000498                        . = ALIGN (0x4)
                0x08000498                        __exidx_start = .

.ARM.exidx
 *(.ARM.exidx* .gnu.linkonce.armexidx.*)
                0x08000498                        __exidx_end = .
                0x08000498                        . = ALIGN (0x4)
                0x08000498                        _etext = .
                0x08000498                        __etext = .

.data_CCMRAM    0x00000000        0x0 load address 0x08000498
 FILL mask 0xff
 *(.data.CCMRAM .data.CCMRAM.*)
                0x00000000                        . = ALIGN (0x4)
                0x08000498                        _sidata = LOADADDR (.data)

.data           0x20000000        0xc load address 0x08000498
 FILL mask 0xff
                0x20000000                        _sdata = .
                0x20000000                        __data_start__ = .
 *(.data_begin .data_begin.*)
 *(.data .data.*)
 .data.argv.1   0x20000000        0x8 ./system/src/newlib/_syscalls.o
 .data.SystemCoreClock
                0x20000008        0x4 ./system/src/cmsis/system_stm32f10x.o
                0x20000008                SystemCoreClock
 *(.data_end .data_end.*)
                0x2000000c                        . = ALIGN (0x4)
                0x2000000c                        _edata = .
                0x2000000c                        __data_end__ = .

.igot.plt       0x2000000c        0x0 load address 0x080004a4
 .igot.plt      0x2000000c        0x0 ./system/src/newlib/_exit.o

.bss_CCMRAM     0x00000000        0x0
 *(.bss.CCMRAM .bss.CCMRAM.*)

.bss            0x2000000c        0x4
                0x2000000c                        __bss_start__ = .
                0x2000000c                        _sbss = .
 *(.bss_begin .bss_begin.*)
 *(.bss .bss.*)
 .bss.name.0    0x2000000c        0x1 ./system/src/newlib/_syscalls.o
 *(COMMON)
 *(.bss_end .bss_end.*)
                0x20000010                        . = ALIGN (0x4)
 *fill*         0x2000000d        0x3 
                0x20000010                        __bss_end__ = .
                0x20000010                        _ebss = .

.noinit_CCMRAM
 *(.noinit.CCMRAM .noinit.CCMRAM.*)

.noinit         0x20000010        0x0
                0x20000010                        _noinit = .
 *(.noinit .noinit.*)
                0x20000010                        . = ALIGN (0x4)
                0x20000010                        _end_noinit = .
                [!provide]                        PROVIDE (end = _end_noinit)
                [!provide]                        PROVIDE (_end = _end_noinit)
                [!provide]                        PROVIDE (__end = _end_noinit)
                [!provide]                        PROVIDE (__end__ = _end_noinit)

._check_stack   0x20000010      0x100
                0x20000110                        . = (. + _Minimum_Stack_Size)
 *fill*         0x20000010      0x100 

.b1text
 *(.b1text)
 *(.b1rodata)
 *(.b1rodata.*)

.eb0text
 *(.eb0text)
 *(.eb0rodata)
 *(.eb0rodata.*)

.eb1text
 *(.eb1text)
 *(.eb1rodata)
 *(.eb1rodata.*)

.eb2text
 *(.eb2text)
 *(.eb2rodata)
 *(.eb2rodata.*)

.eb3text
 *(.eb3text)
 *(.eb3rodata)
 *(.eb3rodata.*)

.stab
 *(.stab)

.stabstr
 *(.stabstr)

.stab.excl
 *(.stab.excl)

.stab.exclstr
 *(.stab.exclstr)

.stab.index
 *(.stab.index)

.stab.indexstr
 *(.stab.indexstr)

.comment        0x00000000       0x46
 *(.comment)
 .comment       0x00000000       0x46 ./system/src/newlib/_exit.o
                                 0x47 (size before relaxing)
 .comment       0x00000046       0x47 ./system/src/newlib/_startup.o
 .comment       0x00000046       0x47 ./system/src/newlib/_syscalls.o
 .comment       0x00000046       0x47 ./system/src/cortexm/_initialize_hardware.o
 .comment       0x00000046       0x47 ./system/src/cortexm/_reset_hardware.o
 .comment       0x00000046       0x47 ./system/src/cortexm/exception_handlers.o
 .comment       0x00000046       0x47 ./system/src/cmsis/system_stm32f10x.o
 .comment       0x00000046       0x47 ./system/src/cmsis/vectors_stm32f10x.o
 .comment       0x00000046       0x47 ./src/main.o
 .comment       0x00000046       0x47 ./02-MCAL/01-RCC/RCC_program.o

.ARM.attributes
                0x00000000       0x2d
 .ARM.attributes
                0x00000000       0x2d ./system/src/newlib/_exit.o
 .ARM.attributes
                0x0000002d       0x2d ./system/src/newlib/_startup.o
 .ARM.attributes
                0x0000005a       0x2d ./system/src/newlib/_syscalls.o
 .ARM.attributes
                0x00000087       0x2d ./system/src/cortexm/_initialize_hardware.o
 .ARM.attributes
                0x000000b4       0x2d ./system/src/cortexm/_reset_hardware.o
 .ARM.attributes
                0x000000e1       0x2d ./system/src/cortexm/exception_handlers.o
 .ARM.attributes
                0x0000010e       0x2d ./system/src/cmsis/system_stm32f10x.o
 .ARM.attributes
                0x0000013b       0x2d ./system/src/cmsis/vectors_stm32f10x.o
 .ARM.attributes
                0x00000168       0x2d ./src/main.o
 .ARM.attributes
                0x00000195       0x2d ./02-MCAL/01-RCC/RCC_program.o

.debug
 *(.debug)

.line
 *(.line)

.debug_srcinfo
 *(.debug_srcinfo)

.debug_sfnames
 *(.debug_sfnames)

.debug_aranges  0x00000000      0x210
 *(.debug_aranges)
 .debug_aranges
                0x00000000       0x28 ./system/src/newlib/_exit.o
 .debug_aranges
                0x00000028       0x40 ./system/src/newlib/_startup.o
 .debug_aranges
                0x00000068       0x30 ./system/src/newlib/_syscalls.o
 .debug_aranges
                0x00000098       0x28 ./system/src/cortexm/_initialize_hardware.o
 .debug_aranges
                0x000000c0       0x20 ./system/src/cortexm/_reset_hardware.o
 .debug_aranges
                0x000000e0       0x80 ./system/src/cortexm/exception_handlers.o
 .debug_aranges
                0x00000160       0x28 ./system/src/cmsis/system_stm32f10x.o
 .debug_aranges
                0x00000188       0x20 ./system/src/cmsis/vectors_stm32f10x.o
 .debug_aranges
                0x000001a8       0x20 ./src/main.o
 .debug_aranges
                0x000001c8       0x48 ./02-MCAL/01-RCC/RCC_program.o

.debug_pubnames
 *(.debug_pubnames)

.debug_info     0x00000000     0x1818
 *(.debug_info .gnu.linkonce.wi.*)
 .debug_info    0x00000000       0xfe ./system/src/newlib/_exit.o
 .debug_info    0x000000fe      0x43f ./system/src/newlib/_startup.o
 .debug_info    0x0000053d      0x1bf ./system/src/newlib/_syscalls.o
 .debug_info    0x000006fc      0x26d ./system/src/cortexm/_initialize_hardware.o
 .debug_info    0x00000969      0x29d ./system/src/cortexm/_reset_hardware.o
 .debug_info    0x00000c06      0x254 ./system/src/cortexm/exception_handlers.o
 .debug_info    0x00000e5a      0x4b0 ./system/src/cmsis/system_stm32f10x.o
 .debug_info    0x0000130a      0x107 ./system/src/cmsis/vectors_stm32f10x.o
 .debug_info    0x00001411      0x19c ./src/main.o
 .debug_info    0x000015ad      0x26b ./02-MCAL/01-RCC/RCC_program.o

.debug_abbrev   0x00000000      0xb1b
 *(.debug_abbrev)
 .debug_abbrev  0x00000000       0xc2 ./system/src/newlib/_exit.o
 .debug_abbrev  0x000000c2      0x1f9 ./system/src/newlib/_startup.o
 .debug_abbrev  0x000002bb      0x116 ./system/src/newlib/_syscalls.o
 .debug_abbrev  0x000003d1      0x10f ./system/src/cortexm/_initialize_hardware.o
 .debug_abbrev  0x000004e0      0x111 ./system/src/cortexm/_reset_hardware.o
 .debug_abbrev  0x000005f1       0xe1 ./system/src/cortexm/exception_handlers.o
 .debug_abbrev  0x000006d2      0x1ac ./system/src/cmsis/system_stm32f10x.o
 .debug_abbrev  0x0000087e       0xb6 ./system/src/cmsis/vectors_stm32f10x.o
 .debug_abbrev  0x00000934       0xf5 ./src/main.o
 .debug_abbrev  0x00000a29       0xf2 ./02-MCAL/01-RCC/RCC_program.o

.debug_line     0x00000000      0xfd9
 *(.debug_line)
 .debug_line    0x00000000      0x114 ./system/src/newlib/_exit.o
 .debug_line    0x00000114      0x29b ./system/src/newlib/_startup.o
 .debug_line    0x000003af      0x161 ./system/src/newlib/_syscalls.o
 .debug_line    0x00000510      0x114 ./system/src/cortexm/_initialize_hardware.o
 .debug_line    0x00000624      0x13d ./system/src/cortexm/_reset_hardware.o
 .debug_line    0x00000761      0x1d6 ./system/src/cortexm/exception_handlers.o
 .debug_line    0x00000937      0x327 ./system/src/cmsis/system_stm32f10x.o
 .debug_line    0x00000c5e       0x94 ./system/src/cmsis/vectors_stm32f10x.o
 .debug_line    0x00000cf2       0xfd ./src/main.o
 .debug_line    0x00000def      0x1ea ./02-MCAL/01-RCC/RCC_program.o

.debug_frame    0x00000000      0x338
 *(.debug_frame)
 .debug_frame   0x00000000       0x40 ./system/src/newlib/_exit.o
 .debug_frame   0x00000040       0x80 ./system/src/newlib/_startup.o
 .debug_frame   0x000000c0       0x50 ./system/src/newlib/_syscalls.o
 .debug_frame   0x00000110       0x38 ./system/src/cortexm/_initialize_hardware.o
 .debug_frame   0x00000148       0x20 ./system/src/cortexm/_reset_hardware.o
 .debug_frame   0x00000168       0xe0 ./system/src/cortexm/exception_handlers.o
 .debug_frame   0x00000248       0x38 ./system/src/cmsis/system_stm32f10x.o
 .debug_frame   0x00000280       0x20 ./system/src/cmsis/vectors_stm32f10x.o
 .debug_frame   0x000002a0       0x28 ./src/main.o
 .debug_frame   0x000002c8       0x70 ./02-MCAL/01-RCC/RCC_program.o

.debug_str      0x00000000      0x932
 *(.debug_str)
 .debug_str     0x00000000      0x932 ./system/src/newlib/_exit.o
                                0x1b9 (size before relaxing)
 .debug_str     0x00000932      0x2fe ./system/src/newlib/_startup.o
 .debug_str     0x00000932      0x1ee ./system/src/newlib/_syscalls.o
 .debug_str     0x00000932      0x25d ./system/src/cortexm/_initialize_hardware.o
 .debug_str     0x00000932      0x223 ./system/src/cortexm/_reset_hardware.o
 .debug_str     0x00000932      0x297 ./system/src/cortexm/exception_handlers.o
 .debug_str     0x00000932      0x2f1 ./system/src/cmsis/system_stm32f10x.o
 .debug_str     0x00000932      0x253 ./system/src/cmsis/vectors_stm32f10x.o
 .debug_str     0x00000932      0x235 ./src/main.o
 .debug_str     0x00000932      0x349 ./02-MCAL/01-RCC/RCC_program.o

.debug_loc
 *(.debug_loc)

.debug_macinfo
 *(.debug_macinfo)

.debug_weaknames
 *(.debug_weaknames)

.debug_funcnames
 *(.debug_funcnames)

.debug_typenames
 *(.debug_typenames)

.debug_varnames
 *(.debug_varnames)
OUTPUT(my_app.elf elf32-littlearm)
LOAD linker stubs

.debug_loclists
                0x00000000      0x4d6
 .debug_loclists
                0x00000000       0x29 ./system/src/newlib/_exit.o
 .debug_loclists
                0x00000029      0x1ed ./system/src/newlib/_startup.o
 .debug_loclists
                0x00000216       0x63 ./system/src/newlib/_syscalls.o
 .debug_loclists
                0x00000279       0x4e ./system/src/cortexm/exception_handlers.o
 .debug_loclists
                0x000002c7       0x9b ./system/src/cmsis/system_stm32f10x.o
 .debug_loclists
                0x00000362       0x76 ./src/main.o
 .debug_loclists
                0x000003d8       0xfe ./02-MCAL/01-RCC/RCC_program.o

.debug_rnglists
                0x00000000      0x1a7
 .debug_rnglists
                0x00000000       0x19 ./system/src/newlib/_exit.o
 .debug_rnglists
                0x00000019       0x5f ./system/src/newlib/_startup.o
 .debug_rnglists
                0x00000078       0x1f ./system/src/newlib/_syscalls.o
 .debug_rnglists
                0x00000097       0x19 ./system/src/cortexm/_initialize_hardware.o
 .debug_rnglists
                0x000000b0       0x13 ./system/src/cortexm/_reset_hardware.o
 .debug_rnglists
                0x000000c3       0x5b ./system/src/cortexm/exception_handlers.o
 .debug_rnglists
                0x0000011e       0x1a ./system/src/cmsis/system_stm32f10x.o
 .debug_rnglists
                0x00000138       0x13 ./system/src/cmsis/vectors_stm32f10x.o
 .debug_rnglists
                0x0000014b       0x2b ./src/main.o
 .debug_rnglists
                0x00000176       0x31 ./02-MCAL/01-RCC/RCC_program.o
