Archive member included to satisfy reference by file (symbol)

D:/Tools/ARM_Tools/ARM_GCC/bin/../lib/gcc/arm-none-eabi/14.3.1/../../../../arm-none-eabi/lib/thumb/v7-m/nofp\libg_nano.a(libc_a-vsnprintf.o)
                              ./system/src/diag/Trace.o (vsnprintf)
D:/Tools/ARM_Tools/ARM_GCC/bin/../lib/gcc/arm-none-eabi/14.3.1/../../../../arm-none-eabi/lib/thumb/v7-m/nofp\libg_nano.a(libc_a-impure.o)
                              D:/Tools/ARM_Tools/ARM_GCC/bin/../lib/gcc/arm-none-eabi/14.3.1/../../../../arm-none-eabi/lib/thumb/v7-m/nofp\libg_nano.a(libc_a-vsnprintf.o) (_impure_ptr)
D:/Tools/ARM_Tools/ARM_GCC/bin/../lib/gcc/arm-none-eabi/14.3.1/../../../../arm-none-eabi/lib/thumb/v7-m/nofp\libg_nano.a(libc_a-errno.o)
                              ./system/src/newlib/_sbrk.o (__errno)
D:/Tools/ARM_Tools/ARM_GCC/bin/../lib/gcc/arm-none-eabi/14.3.1/../../../../arm-none-eabi/lib/thumb/v7-m/nofp\libg_nano.a(libc_a-strlen.o)
                              ./system/src/diag/Trace.o (strlen)
D:/Tools/ARM_Tools/ARM_GCC/bin/../lib/gcc/arm-none-eabi/14.3.1/../../../../arm-none-eabi/lib/thumb/v7-m/nofp\libg_nano.a(libc_a-nano-svfprintf.o)
                              D:/Tools/ARM_Tools/ARM_GCC/bin/../lib/gcc/arm-none-eabi/14.3.1/../../../../arm-none-eabi/lib/thumb/v7-m/nofp\libg_nano.a(libc_a-vsnprintf.o) (_svfprintf_r)
D:/Tools/ARM_Tools/ARM_GCC/bin/../lib/gcc/arm-none-eabi/14.3.1/../../../../arm-none-eabi/lib/thumb/v7-m/nofp\libg_nano.a(libc_a-nano-vfprintf_i.o)
                              D:/Tools/ARM_Tools/ARM_GCC/bin/../lib/gcc/arm-none-eabi/14.3.1/../../../../arm-none-eabi/lib/thumb/v7-m/nofp\libg_nano.a(libc_a-nano-svfprintf.o) (_printf_i)
D:/Tools/ARM_Tools/ARM_GCC/bin/../lib/gcc/arm-none-eabi/14.3.1/../../../../arm-none-eabi/lib/thumb/v7-m/nofp\libg_nano.a(libc_a-memmove.o)
                              D:/Tools/ARM_Tools/ARM_GCC/bin/../lib/gcc/arm-none-eabi/14.3.1/../../../../arm-none-eabi/lib/thumb/v7-m/nofp\libg_nano.a(libc_a-nano-svfprintf.o) (memmove)
D:/Tools/ARM_Tools/ARM_GCC/bin/../lib/gcc/arm-none-eabi/14.3.1/../../../../arm-none-eabi/lib/thumb/v7-m/nofp\libg_nano.a(libc_a-memchr-stub.o)
                              D:/Tools/ARM_Tools/ARM_GCC/bin/../lib/gcc/arm-none-eabi/14.3.1/../../../../arm-none-eabi/lib/thumb/v7-m/nofp\libg_nano.a(libc_a-nano-svfprintf.o) (memchr)
D:/Tools/ARM_Tools/ARM_GCC/bin/../lib/gcc/arm-none-eabi/14.3.1/../../../../arm-none-eabi/lib/thumb/v7-m/nofp\libg_nano.a(libc_a-memcpy-stub.o)
                              D:/Tools/ARM_Tools/ARM_GCC/bin/../lib/gcc/arm-none-eabi/14.3.1/../../../../arm-none-eabi/lib/thumb/v7-m/nofp\libg_nano.a(libc_a-nano-svfprintf.o) (memcpy)
D:/Tools/ARM_Tools/ARM_GCC/bin/../lib/gcc/arm-none-eabi/14.3.1/../../../../arm-none-eabi/lib/thumb/v7-m/nofp\libg_nano.a(libc_a-freer.o)
                              D:/Tools/ARM_Tools/ARM_GCC/bin/../lib/gcc/arm-none-eabi/14.3.1/../../../../arm-none-eabi/lib/thumb/v7-m/nofp\libg_nano.a(libc_a-nano-svfprintf.o) (_free_r)
D:/Tools/ARM_Tools/ARM_GCC/bin/../lib/gcc/arm-none-eabi/14.3.1/../../../../arm-none-eabi/lib/thumb/v7-m/nofp\libg_nano.a(libc_a-mallocr.o)
                              D:/Tools/ARM_Tools/ARM_GCC/bin/../lib/gcc/arm-none-eabi/14.3.1/../../../../arm-none-eabi/lib/thumb/v7-m/nofp\libg_nano.a(libc_a-nano-svfprintf.o) (_malloc_r)
D:/Tools/ARM_Tools/ARM_GCC/bin/../lib/gcc/arm-none-eabi/14.3.1/../../../../arm-none-eabi/lib/thumb/v7-m/nofp\libg_nano.a(libc_a-mlock.o)
                              D:/Tools/ARM_Tools/ARM_GCC/bin/../lib/gcc/arm-none-eabi/14.3.1/../../../../arm-none-eabi/lib/thumb/v7-m/nofp\libg_nano.a(libc_a-freer.o) (__malloc_lock)
D:/Tools/ARM_Tools/ARM_GCC/bin/../lib/gcc/arm-none-eabi/14.3.1/../../../../arm-none-eabi/lib/thumb/v7-m/nofp\libg_nano.a(libc_a-reallocr.o)
                              D:/Tools/ARM_Tools/ARM_GCC/bin/../lib/gcc/arm-none-eabi/14.3.1/../../../../arm-none-eabi/lib/thumb/v7-m/nofp\libg_nano.a(libc_a-nano-svfprintf.o) (_realloc_r)
D:/Tools/ARM_Tools/ARM_GCC/bin/../lib/gcc/arm-none-eabi/14.3.1/../../../../arm-none-eabi/lib/thumb/v7-m/nofp\libg_nano.a(libc_a-sbrkr.o)
                              D:/Tools/ARM_Tools/ARM_GCC/bin/../lib/gcc/arm-none-eabi/14.3.1/../../../../arm-none-eabi/lib/thumb/v7-m/nofp\libg_nano.a(libc_a-mallocr.o) (_sbrk_r)
D:/Tools/ARM_Tools/ARM_GCC/bin/../lib/gcc/arm-none-eabi/14.3.1/../../../../arm-none-eabi/lib/thumb/v7-m/nofp\libg_nano.a(libc_a-lock.o)
                              D:/Tools/ARM_Tools/ARM_GCC/bin/../lib/gcc/arm-none-eabi/14.3.1/../../../../arm-none-eabi/lib/thumb/v7-m/nofp\libg_nano.a(libc_a-mlock.o) (__retarget_lock_acquire_recursive)
D:/Tools/ARM_Tools/ARM_GCC/bin/../lib/gcc/arm-none-eabi/14.3.1/../../../../arm-none-eabi/lib/thumb/v7-m/nofp\libg_nano.a(libc_a-msizer.o)
                              D:/Tools/ARM_Tools/ARM_GCC/bin/../lib/gcc/arm-none-eabi/14.3.1/../../../../arm-none-eabi/lib/thumb/v7-m/nofp\libg_nano.a(libc_a-reallocr.o) (_malloc_usable_size_r)

Discarded input sections

[...]
Memory Configuration

Name             Origin             Length             Attributes
RAM              0x20000000         0x00005000         xrw
CCMRAM           0x00000000         0x00000000         xrw
FLASH            0x08000000         0x00010000         xr
FLASHB1          0x00000000         0x00000000         xr
EXTMEMB0         0x00000000         0x00000000         xr
EXTMEMB1         0x00000000         0x00000000         xr
EXTMEMB2         0x00000000         0x00000000         xr
EXTMEMB3         0x00000000         0x00000000         xr
MEMORY_ARRAY     0x00000000         0x00000000         xrw
*default*        0x00000000         0xffffffff

Linker script and memory map

LOAD ./system/src/stm32f1-stdperiph/misc.o
LOAD ./system/src/stm32f1-stdperiph/stm32f10x_adc.o
LOAD ./system/src/stm32f1-stdperiph/stm32f10x_bkp.o
LOAD ./system/src/stm32f1-stdperiph/stm32f10x_can.o
LOAD ./system/src/stm32f1-stdperiph/stm32f10x_cec.o
LOAD ./system/src/stm32f1-stdperiph/stm32f10x_crc.o
LOAD ./system/src/stm32f1-stdperiph/stm32f10x_dac.o
LOAD ./system/src/stm32f1-stdperiph/stm32f10x_dbgmcu.o
LOAD ./system/src/stm32f1-stdperiph/stm32f10x_dma.o
LOAD ./system/src/stm32f1-stdperiph/stm32f10x_exti.o
LOAD ./system/src/stm32f1-stdperiph/stm32f10x_flash.o
LOAD ./system/src/stm32f1-stdperiph/stm32f10x_fsmc.o
LOAD ./system/src/stm32f1-stdperiph/stm32f10x_gpio.o
LOAD ./system/src/stm32f1-stdperiph/stm32f10x_i2c.o
LOAD ./system/src/stm32f1-stdperiph/stm32f10x_iwdg.o
LOAD ./system/src/stm32f1-stdperiph/stm32f10x_pwr.o
LOAD ./system/src/stm32f1-stdperiph/stm32f10x_rcc.o
LOAD ./system/src/stm32f1-stdperiph/stm32f10x_rtc.o
LOAD ./system/src/stm32f1-stdperiph/stm32f10x_sdio.o
LOAD ./system/src/stm32f1-stdperiph/stm32f10x_spi.o
LOAD ./system/src/stm32f1-stdperiph/stm32f10x_tim.o
LOAD ./system/src/stm32f1-stdperiph/stm32f10x_usart.o
LOAD ./system/src/stm32f1-stdperiph/stm32f10x_wwdg.o
LOAD ./system/src/newlib/_cxx.o
LOAD ./system/src/newlib/_exit.o
LOAD ./system/src/newlib/_sbrk.o
LOAD ./system/src/newlib/_startup.o
LOAD ./system/src/newlib/_syscalls.o
LOAD ./system/src/newlib/assert.o
LOAD ./system/src/diag/Trace.o
LOAD ./system/src/diag/trace_impl.o
LOAD ./system/src/cortexm/_initialize_hardware.o
LOAD ./system/src/cortexm/_reset_hardware.o
LOAD ./system/src/cortexm/exception_handlers.o
LOAD ./system/src/cmsis/system_stm32f10x.o
LOAD ./system/src/cmsis/vectors_stm32f10x.o
LOAD ./src/main.o
LOAD ./03-HAL/02-seven_segment/seven_segment_program.o
LOAD ./03-HAL/01-LED/LED_program.o
LOAD ./02-MCAL/03-NVIC/NVIC_program.o
LOAD ./02-MCAL/02-GPIO/DIO_program.o
LOAD ./02-MCAL/01-RCC/RCC_program.o
LOAD D:/Tools/ARM_Tools/ARM_GCC/bin/../lib/gcc/arm-none-eabi/14.3.1/../../../../arm-none-eabi/lib/thumb/v7-m/nofp\libstdc++_nano.a
LOAD D:/Tools/ARM_Tools/ARM_GCC/bin/../lib/gcc/arm-none-eabi/14.3.1/../../../../arm-none-eabi/lib/thumb/v7-m/nofp\libm.a
START GROUP
LOAD D:/Tools/ARM_Tools/ARM_GCC/bin/../lib/gcc/arm-none-eabi/14.3.1/thumb/v7-m/nofp\libgcc.a
LOAD D:/Tools/ARM_Tools/ARM_GCC/bin/../lib/gcc/arm-none-eabi/14.3.1/../../../../arm-none-eabi/lib/thumb/v7-m/nofp\libg_nano.a
LOAD D:/Tools/ARM_Tools/ARM_GCC/bin/../lib/gcc/arm-none-eabi/14.3.1/../../../../arm-none-eabi/lib/thumb/v7-m/nofp\libc_nano.a
END GROUP
START GROUP
LOAD D:/Tools/ARM_Tools/ARM_GCC/bin/../lib/gcc/arm-none-eabi/14.3.1/thumb/v7-m/nofp\libgcc.a
LOAD D:/Tools/ARM_Tools/ARM_GCC/bin/../lib/gcc/arm-none-eabi/14.3.1/../../../../arm-none-eabi/lib/thumb/v7-m/nofp\libc_nano.a
END GROUP
                0x20005000                        __stack = (ORIGIN (RAM) + LENGTH (RAM))
                0x20005000                        _estack = __stack
                0x00000400                        __Main_Stack_Size = 0x400
                [!provide]                        PROVIDE (_Main_Stack_Size = __Main_Stack_Size)
                0x20004c00                        __Main_Stack_Limit = (__stack - __Main_Stack_Size)
                [!provide]                        PROVIDE (_Main_Stack_Limit = __Main_Stack_Limit)
                0x00000100                        _Minimum_Stack_Size = 0x100
                0x20000108                        PROVIDE (_Heap_Begin = _end_noinit)
                0x20004c00                        PROVIDE (_Heap_Limit = (__stack - __Main_Stack_Size))

.isr_vector     0x08000000      0x350
 FILL mask 0xff
                0x08000000                        __vectors_start = ABSOLUTE (.)
                0x08000000                        __vectors_start__ = ABSOLUTE (.)
 *(.isr_vector)
 .isr_vector    0x08000000      0x10c ./system/src/cmsis/vectors_stm32f10x.o
                0x08000000                __isr_vectors
 *(.cfmconfig)
 *(.after_vectors .after_vectors.*)
 .after_vectors
                0x0800010c      0x114 ./system/src/newlib/_startup.o
                0x0800010c                _start
 .after_vectors
                0x08000220      0x12c ./system/src/cortexm/exception_handlers.o
                0x08000220                Reset_Handler
                0x08000226                NMI_Handler
                0x0800022a                HardFault_Handler
                0x0800023e                HardFault_Handler_C
                0x0800029c                MemManage_Handler
                0x080002a0                BusFault_Handler
                0x080002b4                BusFault_Handler_C
                0x080002e8                UsageFault_Handler
                0x080002fc                UsageFault_Handler_C
                0x08000330                SVC_Handler
                0x08000334                DebugMon_Handler
                0x08000338                PendSV_Handler
                0x0800033c                SysTick_Handler
 .after_vectors
                0x0800034c        0x4 ./system/src/cmsis/vectors_stm32f10x.o
                0x0800034c                EXTI2_IRQHandler
                0x0800034c                TIM8_TRG_COM_IRQHandler
                0x0800034c                TIM8_CC_IRQHandler
                0x0800034c                TIM1_CC_IRQHandler
                0x0800034c                TIM6_IRQHandler
                0x0800034c                PVD_IRQHandler
                0x0800034c                SDIO_IRQHandler
                0x0800034c                CAN2_RX1_IRQHandler
                0x0800034c                EXTI3_IRQHandler
                0x0800034c                TIM8_TRG_COM_TIM14_IRQHandler
                0x0800034c                TIM1_UP_TIM10_IRQHandler
                0x0800034c                TIM8_UP_TIM13_IRQHandler
                0x0800034c                I2C2_EV_IRQHandler
                0x0800034c                CAN1_RX0_IRQHandler
                0x0800034c                TIM1_UP_TIM16_IRQHandler
                0x0800034c                CAN2_SCE_IRQHandler
                0x0800034c                ADC1_2_IRQHandler
                0x0800034c                SPI1_IRQHandler
                0x0800034c                TAMPER_IRQHandler
                0x0800034c                TIM6_DAC_IRQHandler
                0x0800034c                TIM1_BRK_TIM9_IRQHandler
                0x0800034c                CAN2_RX0_IRQHandler
                0x0800034c                TIM8_UP_IRQHandler
                0x0800034c                DMA2_Channel2_IRQHandler
                0x0800034c                DMA1_Channel4_IRQHandler
                0x0800034c                USART3_IRQHandler
                0x0800034c                RTC_IRQHandler
                0x0800034c                DMA1_Channel7_IRQHandler
                0x0800034c                CAN1_RX1_IRQHandler
                0x0800034c                UART5_IRQHandler
                0x0800034c                ADC3_IRQHandler
                0x0800034c                TIM4_IRQHandler
                0x0800034c                DMA2_Channel1_IRQHandler
                0x0800034c                I2C1_EV_IRQHandler
                0x0800034c                DMA1_Channel6_IRQHandler
                0x0800034c                UART4_IRQHandler
                0x0800034c                DMA2_Channel4_IRQHandler
                0x0800034c                TIM3_IRQHandler
                0x0800034c                RCC_IRQHandler
                0x0800034c                TIM8_BRK_TIM12_IRQHandler
                0x0800034c                TIM1_TRG_COM_IRQHandler
                0x0800034c                DMA1_Channel1_IRQHandler
                0x0800034c                Default_Handler
                0x0800034c                CEC_IRQHandler
                0x0800034c                EXTI15_10_IRQHandler
                0x0800034c                TIM14_IRQHandler
                0x0800034c                TIM13_IRQHandler
                0x0800034c                TIM12_IRQHandler
                0x0800034c                TIM7_IRQHandler
                0x0800034c                CAN2_TX_IRQHandler
                0x0800034c                TIM5_IRQHandler
                0x0800034c                EXTI9_5_IRQHandler
                0x0800034c                ETH_WKUP_IRQHandler
                0x0800034c                SPI2_IRQHandler
                0x0800034c                CAN1_TX_IRQHandler
                0x0800034c                DMA2_Channel5_IRQHandler
                0x0800034c                DMA1_Channel5_IRQHandler
                0x0800034c                EXTI4_IRQHandler
                0x0800034c                USB_LP_CAN1_RX0_IRQHandler
                0x0800034c                TIM1_TRG_COM_TIM17_IRQHandler
                0x0800034c                USB_HP_CAN1_TX_IRQHandler
                0x0800034c                DMA1_Channel3_IRQHandler
                0x0800034c                FSMC_IRQHandler
                0x0800034c                ETH_IRQHandler
                0x0800034c                TIM1_UP_IRQHandler
                0x0800034c                WWDG_IRQHandler
                0x0800034c                TIM2_IRQHandler
                0x0800034c                OTG_FS_WKUP_IRQHandler
                0x0800034c                TIM1_TRG_COM_TIM11_IRQHandler
                0x0800034c                TIM1_BRK_IRQHandler
                0x0800034c                RTCAlarm_IRQHandler
                0x0800034c                DMA2_Channel4_5_IRQHandler
                0x0800034c                USART2_IRQHandler
                0x0800034c                I2C2_ER_IRQHandler
                0x0800034c                DMA1_Channel2_IRQHandler
                0x0800034c                TIM8_BRK_IRQHandler
                0x0800034c                CAN1_SCE_IRQHandler
                0x0800034c                FLASH_IRQHandler
                0x0800034c                USART1_IRQHandler
                0x0800034c                OTG_FS_IRQHandler
                0x0800034c                SPI3_IRQHandler
                0x0800034c                I2C1_ER_IRQHandler
                0x0800034c                USBWakeUp_IRQHandler
                0x0800034c                DMA2_Channel3_IRQHandler
                0x0800034c                TIM1_BRK_TIM15_IRQHandler

.inits          0x08000350       0x28
                0x08000350                        __data_regions_array_start = .
                0x08000350        0x4 LONG 0x80016f4 LOADADDR (.data)
                0x08000354        0x4 LONG 0x20000000 ADDR (.data)
                0x08000358        0x4 LONG 0x20000068 (ADDR (.data) + SIZEOF (.data))
                0x0800035c        0x4 LONG 0x80016f4 LOADADDR (.data_CCMRAM)
                0x08000360        0x4 LONG 0x0 ADDR (.data_CCMRAM)
                0x08000364        0x4 LONG 0x0 (ADDR (.data_CCMRAM) + SIZEOF (.data_CCMRAM))
                0x08000368                        __data_regions_array_end = .
                0x08000368                        __bss_regions_array_start = .
                0x08000368        0x4 LONG 0x20000068 ADDR (.bss)
                0x0800036c        0x4 LONG 0x20000108 (ADDR (.bss) + SIZEOF (.bss))
                0x08000370        0x4 LONG 0x0 ADDR (.bss_CCMRAM)
                0x08000374        0x4 LONG 0x0 (ADDR (.bss_CCMRAM) + SIZEOF (.bss_CCMRAM))
                0x08000378                        __bss_regions_array_end = .
 *(.init)
 *(.fini)
                0x08000378                        . = ALIGN (0x4)
                0x08000378                        PROVIDE (__preinit_array_start = .)
 *(.preinit_array_sysinit .preinit_array_sysinit.*)
 *(.preinit_array_platform .preinit_array_platform.*)
 *(.preinit_array .preinit_array.*)
                0x08000378                        PROVIDE (__preinit_array_end = .)
                0x08000378                        . = ALIGN (0x4)
                0x08000378                        PROVIDE (__init_array_start = .)
 *(SORT_BY_NAME(.init_array.*))
 *(.init_array)
                0x08000378                        PROVIDE (__init_array_end = .)
                0x08000378                        . = ALIGN (0x4)
                0x08000378                        PROVIDE (__fini_array_start = .)
 *(SORT_BY_NAME(.fini_array.*))
 *(.fini_array)
                0x08000378                        PROVIDE (__fini_array_end = .)

.flashtext
 *(.flashtext .flashtext.*)

.text           0x08000378     0x137b
 *(.text .text.*)
 .text._exit    0x08000378        0x2 ./system/src/newlib/_exit.o
                0x08000378                _exit
 *fill*         0x0800037a        0x2 
 .text._sbrk    0x0800037c       0x44 ./system/src/newlib/_sbrk.o
                0x0800037c                _sbrk
 .text.__initialize_args
                0x080003c0       0x10 ./system/src/newlib/_syscalls.o
                0x080003c0                __initialize_args
 .text.trace_printf
                0x080003d0       0x34 ./system/src/diag/Trace.o
                0x080003d0                trace_printf
 .text._trace_write_semihosting_debug
                0x08000404       0x62 ./system/src/diag/trace_impl.o
 .text.trace_write
                0x08000466        0x8 ./system/src/diag/trace_impl.o
                0x08000466                trace_write
 *fill*         0x0800046e        0x2 
 .text.__initialize_hardware_early
                0x08000470       0x18 ./system/src/cortexm/_initialize_hardware.o
                0x08000470                __initialize_hardware_early
 .text.__initialize_hardware
                0x08000488        0x8 ./system/src/cortexm/_initialize_hardware.o
                0x08000488                __initialize_hardware
 .text.dumpExceptionStack
                0x08000490       0xf4 ./system/src/cortexm/exception_handlers.o
                0x08000490                dumpExceptionStack
 .text.isSemihosting
                0x08000584       0x20 ./system/src/cortexm/exception_handlers.o
                0x08000584                isSemihosting
 .text.SetSysClockTo72
                0x080005a4       0xc4 ./system/src/cmsis/system_stm32f10x.o
 .text.SetSysClock
                0x08000668        0x8 ./system/src/cmsis/system_stm32f10x.o
 .text.SystemInit
                0x08000670       0x50 ./system/src/cmsis/system_stm32f10x.o
                0x08000670                SystemInit
 .text.SystemCoreClockUpdate
                0x080006c0       0x94 ./system/src/cmsis/system_stm32f10x.o
                0x080006c0                SystemCoreClockUpdate
 .text.main     0x08000754       0x6c ./src/main.o
                0x08000754                main
 .text.EXTI0_IRQHandler
                0x080007c0       0x1c ./src/main.o
                0x080007c0                EXTI0_IRQHandler
 .text.EXTI1_IRQHandler
                0x080007dc       0x14 ./src/main.o
                0x080007dc                EXTI1_IRQHandler
 .text.led_Initialize
                0x080007f0       0x66 ./03-HAL/01-LED/LED_program.o
                0x080007f0                led_Initialize
 .text.led_turn_on
                0x08000856       0x58 ./03-HAL/01-LED/LED_program.o
                0x08000856                led_turn_on
 .text.led_turn_off
                0x080008ae       0x5a ./03-HAL/01-LED/LED_program.o
                0x080008ae                led_turn_off
 .text.led_toggle
                0x08000908       0x5a ./03-HAL/01-LED/LED_program.o
                0x08000908                led_toggle
 *fill*         0x08000962        0x2 
 .text.MNVIC_voidInit
                0x08000964       0x10 ./02-MCAL/03-NVIC/NVIC_program.o
                0x08000964                MNVIC_voidInit
 .text.MNVIC_voidSetPriority
                0x08000974       0x10 ./02-MCAL/03-NVIC/NVIC_program.o
                0x08000974                MNVIC_voidSetPriority
 .text.MNVIC_voidEnableInterrupt
                0x08000984       0x28 ./02-MCAL/03-NVIC/NVIC_program.o
                0x08000984                MNVIC_voidEnableInterrupt
 .text.MNVIC_voidSetPendingFlag
                0x080009ac       0x28 ./02-MCAL/03-NVIC/NVIC_program.o
                0x080009ac                MNVIC_voidSetPendingFlag
 .text.MGPIO_Set_PORTA_Pin_Mode_Configuration
                0x080009d4       0x48 ./02-MCAL/02-GPIO/DIO_program.o
 .text.MGPIO_Set_PORTB_Pin_Mode_Configuration
                0x08000a1c       0x48 ./02-MCAL/02-GPIO/DIO_program.o
 .text.MGPIO_Set_PORTC_Pin_Mode_Configuration
                0x08000a64       0x48 ./02-MCAL/02-GPIO/DIO_program.o
 .text.MGPIO_SetPinDirection
                0x08000aac       0x5a ./02-MCAL/02-GPIO/DIO_program.o
                0x08000aac                MGPIO_SetPinDirection
 *fill*         0x08000b06        0x2 
 .text.MGPIO_SetPinValue
                0x08000b08       0x60 ./02-MCAL/02-GPIO/DIO_program.o
                0x08000b08                MGPIO_SetPinValue
 .text.MGPIO_TogglePin
                0x08000b68       0x5c ./02-MCAL/02-GPIO/DIO_program.o
                0x08000b68                MGPIO_TogglePin
 .text.RCC_voidInitSysClock
                0x08000bc4       0x14 ./02-MCAL/01-RCC/RCC_program.o
                0x08000bc4                RCC_voidInitSysClock
 .text.RCC_voidEnablePeripheralClock
                0x08000bd8       0x44 ./02-MCAL/01-RCC/RCC_program.o
                0x08000bd8                RCC_voidEnablePeripheralClock
 .text._vsnprintf_r
                0x08000c1c       0x5c D:/Tools/ARM_Tools/ARM_GCC/bin/../lib/gcc/arm-none-eabi/14.3.1/../../../../arm-none-eabi/lib/thumb/v7-m/nofp\libg_nano.a(libc_a-vsnprintf.o)
                0x08000c1c                _vsniprintf_r
                0x08000c1c                _vsnprintf_r
 .text.vsnprintf
                0x08000c78       0x1c D:/Tools/ARM_Tools/ARM_GCC/bin/../lib/gcc/arm-none-eabi/14.3.1/../../../../arm-none-eabi/lib/thumb/v7-m/nofp\libg_nano.a(libc_a-vsnprintf.o)
                0x08000c78                vsniprintf
                0x08000c78                vsnprintf
 .text.__errno  0x08000c94        0xc D:/Tools/ARM_Tools/ARM_GCC/bin/../lib/gcc/arm-none-eabi/14.3.1/../../../../arm-none-eabi/lib/thumb/v7-m/nofp\libg_nano.a(libc_a-errno.o)
                0x08000c94                __errno
 .text.__ssputs_r
                0x08000ca0       0xc0 D:/Tools/ARM_Tools/ARM_GCC/bin/../lib/gcc/arm-none-eabi/14.3.1/../../../../arm-none-eabi/lib/thumb/v7-m/nofp\libg_nano.a(libc_a-nano-svfprintf.o)
                0x08000ca0                __ssputs_r
 .text._svfprintf_r
                0x08000d60      0x1f0 D:/Tools/ARM_Tools/ARM_GCC/bin/../lib/gcc/arm-none-eabi/14.3.1/../../../../arm-none-eabi/lib/thumb/v7-m/nofp\libg_nano.a(libc_a-nano-svfprintf.o)
                0x08000d60                _svfiprintf_r
                0x08000d60                _svfprintf_r
 .text._printf_common
                0x08000f50       0xe4 D:/Tools/ARM_Tools/ARM_GCC/bin/../lib/gcc/arm-none-eabi/14.3.1/../../../../arm-none-eabi/lib/thumb/v7-m/nofp\libg_nano.a(libc_a-nano-vfprintf_i.o)
                0x08000f50                _printf_common
 .text._printf_i
                0x08001034      0x24c D:/Tools/ARM_Tools/ARM_GCC/bin/../lib/gcc/arm-none-eabi/14.3.1/../../../../arm-none-eabi/lib/thumb/v7-m/nofp\libg_nano.a(libc_a-nano-vfprintf_i.o)
                0x08001034                _printf_i
 .text.memmove  0x08001280       0x32 D:/Tools/ARM_Tools/ARM_GCC/bin/../lib/gcc/arm-none-eabi/14.3.1/../../../../arm-none-eabi/lib/thumb/v7-m/nofp\libg_nano.a(libc_a-memmove.o)
                0x08001280                memmove
 .text.memchr   0x080012b2       0x1c D:/Tools/ARM_Tools/ARM_GCC/bin/../lib/gcc/arm-none-eabi/14.3.1/../../../../arm-none-eabi/lib/thumb/v7-m/nofp\libg_nano.a(libc_a-memchr-stub.o)
                0x080012b2                memchr
 .text.memcpy   0x080012ce       0x1c D:/Tools/ARM_Tools/ARM_GCC/bin/../lib/gcc/arm-none-eabi/14.3.1/../../../../arm-none-eabi/lib/thumb/v7-m/nofp\libg_nano.a(libc_a-memcpy-stub.o)
                0x080012ce                memcpy
 *fill*         0x080012ea        0x2 
 .text._free_r  0x080012ec       0x90 D:/Tools/ARM_Tools/ARM_GCC/bin/../lib/gcc/arm-none-eabi/14.3.1/../../../../arm-none-eabi/lib/thumb/v7-m/nofp\libg_nano.a(libc_a-freer.o)
                0x080012ec                _free_r
 .text.sbrk_aligned
                0x0800137c       0x44 D:/Tools/ARM_Tools/ARM_GCC/bin/../lib/gcc/arm-none-eabi/14.3.1/../../../../arm-none-eabi/lib/thumb/v7-m/nofp\libg_nano.a(libc_a-mallocr.o)
 .text._malloc_r
                0x080013c0      0x100 D:/Tools/ARM_Tools/ARM_GCC/bin/../lib/gcc/arm-none-eabi/14.3.1/../../../../arm-none-eabi/lib/thumb/v7-m/nofp\libg_nano.a(libc_a-mallocr.o)
                0x080013c0                _malloc_r
 .text.__malloc_lock
                0x080014c0        0xc D:/Tools/ARM_Tools/ARM_GCC/bin/../lib/gcc/arm-none-eabi/14.3.1/../../../../arm-none-eabi/lib/thumb/v7-m/nofp\libg_nano.a(libc_a-mlock.o)
                0x080014c0                __malloc_lock
 .text.__malloc_unlock
                0x080014cc        0xc D:/Tools/ARM_Tools/ARM_GCC/bin/../lib/gcc/arm-none-eabi/14.3.1/../../../../arm-none-eabi/lib/thumb/v7-m/nofp\libg_nano.a(libc_a-mlock.o)
                0x080014cc                __malloc_unlock
 .text._realloc_r
                0x080014d8       0x5c D:/Tools/ARM_Tools/ARM_GCC/bin/../lib/gcc/arm-none-eabi/14.3.1/../../../../arm-none-eabi/lib/thumb/v7-m/nofp\libg_nano.a(libc_a-reallocr.o)
                0x080014d8                _realloc_r
 .text._sbrk_r  0x08001534       0x20 D:/Tools/ARM_Tools/ARM_GCC/bin/../lib/gcc/arm-none-eabi/14.3.1/../../../../arm-none-eabi/lib/thumb/v7-m/nofp\libg_nano.a(libc_a-sbrkr.o)
                0x08001534                _sbrk_r
 .text.__retarget_lock_acquire_recursive
                0x08001554        0x2 D:/Tools/ARM_Tools/ARM_GCC/bin/../lib/gcc/arm-none-eabi/14.3.1/../../../../arm-none-eabi/lib/thumb/v7-m/nofp\libg_nano.a(libc_a-lock.o)
                0x08001554                __retarget_lock_acquire_recursive
 .text.__retarget_lock_release_recursive
                0x08001556        0x2 D:/Tools/ARM_Tools/ARM_GCC/bin/../lib/gcc/arm-none-eabi/14.3.1/../../../../arm-none-eabi/lib/thumb/v7-m/nofp\libg_nano.a(libc_a-lock.o)
                0x08001556                __retarget_lock_release_recursive
 .text._malloc_usable_size_r
                0x08001558       0x10 D:/Tools/ARM_Tools/ARM_GCC/bin/../lib/gcc/arm-none-eabi/14.3.1/../../../../arm-none-eabi/lib/thumb/v7-m/nofp\libg_nano.a(libc_a-msizer.o)
                0x08001558                _malloc_usable_size_r
 *(.rodata .rodata.* .constdata .constdata.*)
 .rodata.dumpExceptionStack.str1.4
                0x08001568      0x146 ./system/src/cortexm/exception_handlers.o
                                0x11a (size before relaxing)
 .rodata.str1.4
                0x080016ae       0x2a ./system/src/cortexm/exception_handlers.o
 *fill*         0x080016ae        0x2 
 .rodata.AHBPrescTable
                0x080016b0       0x10 ./system/src/cmsis/system_stm32f10x.o
                0x080016b0                AHBPrescTable
 .rodata._svfprintf_r.str1.1
                0x080016c0       0x33 D:/Tools/ARM_Tools/ARM_GCC/bin/../lib/gcc/arm-none-eabi/14.3.1/../../../../arm-none-eabi/lib/thumb/v7-m/nofp\libg_nano.a(libc_a-nano-svfprintf.o)
                                 0x11 (size before relaxing)
 .rodata._printf_i.str1.1
                0x080016f3       0x22 D:/Tools/ARM_Tools/ARM_GCC/bin/../lib/gcc/arm-none-eabi/14.3.1/../../../../arm-none-eabi/lib/thumb/v7-m/nofp\libg_nano.a(libc_a-nano-vfprintf_i.o)
 *(vtable)
 *(.eh_frame*)
 *(.glue_7)
 .glue_7        0x080016f3        0x0 linker stubs
 *(.glue_7t)
 .glue_7t       0x080016f3        0x0 linker stubs

.vfp11_veneer   0x080016f4        0x0
 .vfp11_veneer  0x080016f4        0x0 linker stubs

.v4_bx          0x080016f4        0x0
 .v4_bx         0x080016f4        0x0 linker stubs

.iplt           0x080016f4        0x0
 .iplt          0x080016f4        0x0 ./system/src/newlib/_sbrk.o

.rel.dyn        0x080016f4        0x0
 .rel.iplt      0x080016f4        0x0 ./system/src/newlib/_sbrk.o

.ARM.extab
 *(.ARM.extab* .gnu.linkonce.armextab.*)
                0x080016f4                        . = ALIGN (0x4)
                0x080016f4                        __exidx_start = .

.ARM.exidx
 *(.ARM.exidx* .gnu.linkonce.armexidx.*)
                0x080016f4                        __exidx_end = .
                0x080016f4                        . = ALIGN (0x4)
                0x080016f4                        _etext = .
                0x080016f4                        __etext = .

.data_CCMRAM    0x00000000        0x0 load address 0x080016f4
 FILL mask 0xff
 *(.data.CCMRAM .data.CCMRAM.*)
                0x00000000                        . = ALIGN (0x4)
                0x080016f4                        _sidata = LOADADDR (.data)

.data           0x20000000       0x68 load address 0x080016f4
 FILL mask 0xff
                0x20000000                        _sdata = .
                0x20000000                        __data_start__ = .
 *(.data_begin .data_begin.*)
 .data_begin    0x20000000        0x4 ./system/src/newlib/_startup.o
 *(.data .data.*)
 .data.argv.1   0x20000004        0x8 ./system/src/newlib/_syscalls.o
 .data.SystemCoreClock
                0x2000000c        0x4 ./system/src/cmsis/system_stm32f10x.o
                0x2000000c                SystemCoreClock
 .data.led_1    0x20000010        0x1 ./src/main.o
                0x20000010                led_1
 *fill*         0x20000011        0x3 ff
 .data._impure_ptr
                0x20000014        0x4 D:/Tools/ARM_Tools/ARM_GCC/bin/../lib/gcc/arm-none-eabi/14.3.1/../../../../arm-none-eabi/lib/thumb/v7-m/nofp\libg_nano.a(libc_a-impure.o)
                0x20000014                _impure_ptr
 .data._impure_data
                0x20000018       0x4c D:/Tools/ARM_Tools/ARM_GCC/bin/../lib/gcc/arm-none-eabi/14.3.1/../../../../arm-none-eabi/lib/thumb/v7-m/nofp\libg_nano.a(libc_a-impure.o)
                0x20000018                _impure_data
 *(.data_end .data_end.*)
 .data_end      0x20000064        0x4 ./system/src/newlib/_startup.o
                0x20000068                        . = ALIGN (0x4)
                0x20000068                        _edata = .
                0x20000068                        __data_end__ = .

.igot.plt       0x20000068        0x0 load address 0x0800175c
 .igot.plt      0x20000068        0x0 ./system/src/newlib/_sbrk.o

.bss_CCMRAM     0x00000000        0x0
 *(.bss.CCMRAM .bss.CCMRAM.*)

.bss            0x20000068       0xa0
                0x20000068                        __bss_start__ = .
                0x20000068                        _sbss = .
 *(.bss_begin .bss_begin.*)
 .bss_begin     0x20000068        0x4 ./system/src/newlib/_startup.o
 *(.bss .bss.*)
 .bss.current_heap_end.0
                0x2000006c        0x4 ./system/src/newlib/_sbrk.o
 .bss.name.0    0x20000070        0x1 ./system/src/newlib/_syscalls.o
 *fill*         0x20000071        0x3 
 .bss.errno     0x20000074        0x4 ./system/src/newlib/_syscalls.o
                0x20000074                errno
 .bss.buf.0     0x20000078       0x80 ./system/src/diag/Trace.o
 .bss.__malloc_sbrk_start
                0x200000f8        0x4 D:/Tools/ARM_Tools/ARM_GCC/bin/../lib/gcc/arm-none-eabi/14.3.1/../../../../arm-none-eabi/lib/thumb/v7-m/nofp\libg_nano.a(libc_a-mallocr.o)
                0x200000f8                __malloc_sbrk_start
 .bss.__malloc_free_list
                0x200000fc        0x4 D:/Tools/ARM_Tools/ARM_GCC/bin/../lib/gcc/arm-none-eabi/14.3.1/../../../../arm-none-eabi/lib/thumb/v7-m/nofp\libg_nano.a(libc_a-mallocr.o)
                0x200000fc                __malloc_free_list
 .bss.__lock___malloc_recursive_mutex
                0x20000100        0x1 D:/Tools/ARM_Tools/ARM_GCC/bin/../lib/gcc/arm-none-eabi/14.3.1/../../../../arm-none-eabi/lib/thumb/v7-m/nofp\libg_nano.a(libc_a-lock.o)
                0x20000100                __lock___malloc_recursive_mutex
 *(COMMON)
 *(.bss_end .bss_end.*)
 *fill*         0x20000101        0x3 
 .bss_end       0x20000104        0x4 ./system/src/newlib/_startup.o
                0x20000108                        . = ALIGN (0x4)
                0x20000108                        __bss_end__ = .
                0x20000108                        _ebss = .

.noinit_CCMRAM
 *(.noinit.CCMRAM .noinit.CCMRAM.*)

.noinit         0x20000108        0x0
                0x20000108                        _noinit = .
 *(.noinit .noinit.*)
                0x20000108                        . = ALIGN (0x4)
                0x20000108                        _end_noinit = .
                [!provide]                        PROVIDE (end = _end_noinit)
                [!provide]                        PROVIDE (_end = _end_noinit)
                [!provide]                        PROVIDE (__end = _end_noinit)
                [!provide]                        PROVIDE (__end__ = _end_noinit)

._check_stack   0x20000108      0x100
                0x20000208                        . = (. + _Minimum_Stack_Size)
 *fill*         0x20000108      0x100 

.b1text
 *(.b1text)
 *(.b1rodata)
 *(.b1rodata.*)

.eb0text
 *(.eb0text)
 *(.eb0rodata)
 *(.eb0rodata.*)

.eb1text
 *(.eb1text)
 *(.eb1rodata)
 *(.eb1rodata.*)

.eb2text
 *(.eb2text)
 *(.eb2rodata)
 *(.eb2rodata.*)

.eb3text
 *(.eb3text)
 *(.eb3rodata)
 *(.eb3rodata.*)

.stab
 *(.stab)

.stabstr
 *(.stabstr)

.stab.excl
 *(.stab.excl)

.stab.exclstr
 *(.stab.exclstr)

.stab.index
 *(.stab.index)

.stab.indexstr
 *(.stab.indexstr)

.comment        0x00000000       0x46
 *(.comment)
 .comment       0x00000000       0x46 ./system/src/newlib/_exit.o
                                 0x47 (size before relaxing)
 .comment       0x00000046       0x47 ./system/src/newlib/_sbrk.o
 .comment       0x00000046       0x47 ./system/src/newlib/_startup.o
 .comment       0x00000046       0x47 ./system/src/newlib/_syscalls.o
 .comment       0x00000046       0x47 ./system/src/diag/Trace.o
 .comment       0x00000046       0x47 ./system/src/diag/trace_impl.o
 .comment       0x00000046       0x47 ./system/src/cortexm/_initialize_hardware.o
 .comment       0x00000046       0x47 ./system/src/cortexm/exception_handlers.o
 .comment       0x00000046       0x47 ./system/src/cmsis/system_stm32f10x.o
 .comment       0x00000046       0x47 ./system/src/cmsis/vectors_stm32f10x.o
 .comment       0x00000046       0x47 ./src/main.o
 .comment       0x00000046       0x47 ./03-HAL/01-LED/LED_program.o
 .comment       0x00000046       0x47 ./02-MCAL/03-NVIC/NVIC_program.o
 .comment       0x00000046       0x47 ./02-MCAL/02-GPIO/DIO_program.o
 .comment       0x00000046       0x47 ./02-MCAL/01-RCC/RCC_program.o

.ARM.attributes
                0x00000000       0x2b
 .ARM.attributes
                0x00000000       0x2d ./system/src/newlib/_exit.o
 .ARM.attributes
                0x0000002d       0x2d ./system/src/newlib/_sbrk.o
 .ARM.attributes
                0x0000005a       0x2d ./system/src/newlib/_startup.o
 .ARM.attributes
                0x00000087       0x2d ./system/src/newlib/_syscalls.o
 .ARM.attributes
                0x000000b4       0x2d ./system/src/diag/Trace.o
 .ARM.attributes
                0x000000e1       0x2d ./system/src/diag/trace_impl.o
 .ARM.attributes
                0x0000010e       0x2d ./system/src/cortexm/_initialize_hardware.o
 .ARM.attributes
                0x0000013b       0x2d ./system/src/cortexm/exception_handlers.o
 .ARM.attributes
                0x00000168       0x2d ./system/src/cmsis/system_stm32f10x.o
 .ARM.attributes
                0x00000195       0x2d ./system/src/cmsis/vectors_stm32f10x.o
 .ARM.attributes
                0x000001c2       0x2d ./src/main.o
 .ARM.attributes
                0x000001ef       0x2d ./03-HAL/01-LED/LED_program.o
 .ARM.attributes
                0x0000021c       0x2d ./02-MCAL/03-NVIC/NVIC_program.o
 .ARM.attributes
                0x00000249       0x2d ./02-MCAL/02-GPIO/DIO_program.o
 .ARM.attributes
                0x00000276       0x2d ./02-MCAL/01-RCC/RCC_program.o
 .ARM.attributes
                0x000002a3       0x2d D:/Tools/ARM_Tools/ARM_GCC/bin/../lib/gcc/arm-none-eabi/14.3.1/../../../../arm-none-eabi/lib/thumb/v7-m/nofp\libg_nano.a(libc_a-vsnprintf.o)
 .ARM.attributes
                0x000002d0       0x2d D:/Tools/ARM_Tools/ARM_GCC/bin/../lib/gcc/arm-none-eabi/14.3.1/../../../../arm-none-eabi/lib/thumb/v7-m/nofp\libg_nano.a(libc_a-impure.o)
 .ARM.attributes
                0x000002fd       0x2d D:/Tools/ARM_Tools/ARM_GCC/bin/../lib/gcc/arm-none-eabi/14.3.1/../../../../arm-none-eabi/lib/thumb/v7-m/nofp\libg_nano.a(libc_a-errno.o)
 .ARM.attributes
                0x0000032a       0x2d D:/Tools/ARM_Tools/ARM_GCC/bin/../lib/gcc/arm-none-eabi/14.3.1/../../../../arm-none-eabi/lib/thumb/v7-m/nofp\libg_nano.a(libc_a-nano-svfprintf.o)
 .ARM.attributes
                0x00000357       0x2d D:/Tools/ARM_Tools/ARM_GCC/bin/../lib/gcc/arm-none-eabi/14.3.1/../../../../arm-none-eabi/lib/thumb/v7-m/nofp\libg_nano.a(libc_a-nano-vfprintf_i.o)
 .ARM.attributes
                0x00000384       0x2d D:/Tools/ARM_Tools/ARM_GCC/bin/../lib/gcc/arm-none-eabi/14.3.1/../../../../arm-none-eabi/lib/thumb/v7-m/nofp\libg_nano.a(libc_a-memmove.o)
 .ARM.attributes
                0x000003b1       0x2d D:/Tools/ARM_Tools/ARM_GCC/bin/../lib/gcc/arm-none-eabi/14.3.1/../../../../arm-none-eabi/lib/thumb/v7-m/nofp\libg_nano.a(libc_a-memchr-stub.o)
 .ARM.attributes
                0x000003de       0x2d D:/Tools/ARM_Tools/ARM_GCC/bin/../lib/gcc/arm-none-eabi/14.3.1/../../../../arm-none-eabi/lib/thumb/v7-m/nofp\libg_nano.a(libc_a-memcpy-stub.o)
 .ARM.attributes
                0x0000040b       0x2d D:/Tools/ARM_Tools/ARM_GCC/bin/../lib/gcc/arm-none-eabi/14.3.1/../../../../arm-none-eabi/lib/thumb/v7-m/nofp\libg_nano.a(libc_a-freer.o)
 .ARM.attributes
                0x00000438       0x2d D:/Tools/ARM_Tools/ARM_GCC/bin/../lib/gcc/arm-none-eabi/14.3.1/../../../../arm-none-eabi/lib/thumb/v7-m/nofp\libg_nano.a(libc_a-mallocr.o)
 .ARM.attributes
                0x00000465       0x2d D:/Tools/ARM_Tools/ARM_GCC/bin/../lib/gcc/arm-none-eabi/14.3.1/../../../../arm-none-eabi/lib/thumb/v7-m/nofp\libg_nano.a(libc_a-mlock.o)
 .ARM.attributes
                0x00000492       0x2d D:/Tools/ARM_Tools/ARM_GCC/bin/../lib/gcc/arm-none-eabi/14.3.1/../../../../arm-none-eabi/lib/thumb/v7-m/nofp\libg_nano.a(libc_a-reallocr.o)
 .ARM.attributes
                0x000004bf       0x2d D:/Tools/ARM_Tools/ARM_GCC/bin/../lib/gcc/arm-none-eabi/14.3.1/../../../../arm-none-eabi/lib/thumb/v7-m/nofp\libg_nano.a(libc_a-sbrkr.o)
 .ARM.attributes
                0x000004ec       0x2d D:/Tools/ARM_Tools/ARM_GCC/bin/../lib/gcc/arm-none-eabi/14.3.1/../../../../arm-none-eabi/lib/thumb/v7-m/nofp\libg_nano.a(libc_a-lock.o)
 .ARM.attributes
                0x00000519       0x2d D:/Tools/ARM_Tools/ARM_GCC/bin/../lib/gcc/arm-none-eabi/14.3.1/../../../../arm-none-eabi/lib/thumb/v7-m/nofp\libg_nano.a(libc_a-msizer.o)

.debug
 *(.debug)

.line
 *(.line)

.debug_srcinfo
 *(.debug_srcinfo)

.debug_sfnames
 *(.debug_sfnames)

.debug_aranges  0x00000000      0x3b8
 *(.debug_aranges)
 .debug_aranges
                0x00000000       0x28 ./system/src/newlib/_exit.o
 .debug_aranges
                0x00000028       0x20 ./system/src/newlib/_sbrk.o
 .debug_aranges
                0x00000048       0x40 ./system/src/newlib/_startup.o
 .debug_aranges
                0x00000088       0x30 ./system/src/newlib/_syscalls.o
 .debug_aranges
                0x000000b8       0x38 ./system/src/diag/Trace.o
 .debug_aranges
                0x000000f0       0x30 ./system/src/diag/trace_impl.o
 .debug_aranges
                0x00000120       0x28 ./system/src/cortexm/_initialize_hardware.o
 .debug_aranges
                0x00000148       0x90 ./system/src/cortexm/exception_handlers.o
 .debug_aranges
                0x000001d8       0x38 ./system/src/cmsis/system_stm32f10x.o
 .debug_aranges
                0x00000210       0x20 ./system/src/cmsis/vectors_stm32f10x.o
 .debug_aranges
                0x00000230       0x30 ./src/main.o
 .debug_aranges
                0x00000260       0x38 ./03-HAL/01-LED/LED_program.o
 .debug_aranges
                0x00000298       0x50 ./02-MCAL/03-NVIC/NVIC_program.o
 .debug_aranges
                0x000002e8       0x88 ./02-MCAL/02-GPIO/DIO_program.o
 .debug_aranges
                0x00000370       0x48 ./02-MCAL/01-RCC/RCC_program.o

.debug_pubnames
 *(.debug_pubnames)

.debug_info     0x00000000     0x36bf
 *(.debug_info .gnu.linkonce.wi.*)
 .debug_info    0x00000000      0x104 ./system/src/newlib/_exit.o
 .debug_info    0x00000104      0x10f ./system/src/newlib/_sbrk.o
 .debug_info    0x00000213      0x48f ./system/src/newlib/_startup.o
 .debug_info    0x000006a2      0x1c3 ./system/src/newlib/_syscalls.o
 .debug_info    0x00000865      0x34b ./system/src/diag/Trace.o
 .debug_info    0x00000bb0      0x325 ./system/src/diag/trace_impl.o
 .debug_info    0x00000ed5      0x271 ./system/src/cortexm/_initialize_hardware.o
 .debug_info    0x00001146      0x905 ./system/src/cortexm/exception_handlers.o
 .debug_info    0x00001a4b      0x4a5 ./system/src/cmsis/system_stm32f10x.o
 .debug_info    0x00001ef0      0x10b ./system/src/cmsis/vectors_stm32f10x.o
 .debug_info    0x00001ffb      0x64f ./src/main.o
 .debug_info    0x0000264a      0x33f ./03-HAL/01-LED/LED_program.o
 .debug_info    0x00002989      0x328 ./02-MCAL/03-NVIC/NVIC_program.o
 .debug_info    0x00002cb1      0x79d ./02-MCAL/02-GPIO/DIO_program.o
 .debug_info    0x0000344e      0x271 ./02-MCAL/01-RCC/RCC_program.o

.debug_abbrev   0x00000000     0x146a
 *(.debug_abbrev)
 .debug_abbrev  0x00000000       0xc5 ./system/src/newlib/_exit.o
 .debug_abbrev  0x000000c5       0xcc ./system/src/newlib/_sbrk.o
 .debug_abbrev  0x00000191      0x20e ./system/src/newlib/_startup.o
 .debug_abbrev  0x0000039f      0x118 ./system/src/newlib/_syscalls.o
 .debug_abbrev  0x000004b7      0x184 ./system/src/diag/Trace.o
 .debug_abbrev  0x0000063b      0x1e6 ./system/src/diag/trace_impl.o
 .debug_abbrev  0x00000821      0x105 ./system/src/cortexm/_initialize_hardware.o
 .debug_abbrev  0x00000926      0x28c ./system/src/cortexm/exception_handlers.o
 .debug_abbrev  0x00000bb2      0x18f ./system/src/cmsis/system_stm32f10x.o
 .debug_abbrev  0x00000d41       0xb8 ./system/src/cmsis/vectors_stm32f10x.o
 .debug_abbrev  0x00000df9      0x185 ./src/main.o
 .debug_abbrev  0x00000f7e      0x162 ./03-HAL/01-LED/LED_program.o
 .debug_abbrev  0x000010e0       0xd9 ./02-MCAL/03-NVIC/NVIC_program.o
 .debug_abbrev  0x000011b9      0x1cc ./02-MCAL/02-GPIO/DIO_program.o
 .debug_abbrev  0x00001385       0xe5 ./02-MCAL/01-RCC/RCC_program.o

.debug_line     0x00000000     0x3a5e
 *(.debug_line)
 .debug_line    0x00000000      0x2ef ./system/src/newlib/_exit.o
 .debug_line    0x000002ef      0x2ec ./system/src/newlib/_sbrk.o
 .debug_line    0x000005db      0x502 ./system/src/newlib/_startup.o
 .debug_line    0x00000add      0x3bb ./system/src/newlib/_syscalls.o
 .debug_line    0x00000e98      0x3d2 ./system/src/diag/Trace.o
 .debug_line    0x0000126a      0x639 ./system/src/diag/trace_impl.o
 .debug_line    0x000018a3      0x36b ./system/src/cortexm/_initialize_hardware.o
 .debug_line    0x00001c0e      0x830 ./system/src/cortexm/exception_handlers.o
 .debug_line    0x0000243e      0x59c ./system/src/cmsis/system_stm32f10x.o
 .debug_line    0x000029da       0xf1 ./system/src/cmsis/vectors_stm32f10x.o
 .debug_line    0x00002acb      0x1d7 ./src/main.o
 .debug_line    0x00002ca2      0x22b ./03-HAL/01-LED/LED_program.o
 .debug_line    0x00002ecd      0x25b ./02-MCAL/03-NVIC/NVIC_program.o
 .debug_line    0x00003128      0x742 ./02-MCAL/02-GPIO/DIO_program.o
 .debug_line    0x0000386a      0x1f4 ./02-MCAL/01-RCC/RCC_program.o

.debug_frame    0x00000000      0xb3c
 *(.debug_frame)
 .debug_frame   0x00000000       0x38 ./system/src/newlib/_exit.o
 .debug_frame   0x00000038       0x28 ./system/src/newlib/_sbrk.o
 .debug_frame   0x00000060       0x7c ./system/src/newlib/_startup.o
 .debug_frame   0x000000dc       0x50 ./system/src/newlib/_syscalls.o
 .debug_frame   0x0000012c       0x94 ./system/src/diag/Trace.o
 .debug_frame   0x000001c0       0x64 ./system/src/diag/trace_impl.o
 .debug_frame   0x00000224       0x40 ./system/src/cortexm/_initialize_hardware.o
 .debug_frame   0x00000264      0x158 ./system/src/cortexm/exception_handlers.o
 .debug_frame   0x000003bc       0x6c ./system/src/cmsis/system_stm32f10x.o
 .debug_frame   0x00000428       0x20 ./system/src/cmsis/vectors_stm32f10x.o
 .debug_frame   0x00000448       0x58 ./src/main.o
 .debug_frame   0x000004a0       0x90 ./03-HAL/01-LED/LED_program.o
 .debug_frame   0x00000530       0x80 ./02-MCAL/03-NVIC/NVIC_program.o
 .debug_frame   0x000005b0      0x158 ./02-MCAL/02-GPIO/DIO_program.o
 .debug_frame   0x00000708       0x70 ./02-MCAL/01-RCC/RCC_program.o
 .debug_frame   0x00000778       0x4c D:/Tools/ARM_Tools/ARM_GCC/bin/../lib/gcc/arm-none-eabi/14.3.1/../../../../arm-none-eabi/lib/thumb/v7-m/nofp\libg_nano.a(libc_a-vsnprintf.o)
 .debug_frame   0x000007c4       0x20 D:/Tools/ARM_Tools/ARM_GCC/bin/../lib/gcc/arm-none-eabi/14.3.1/../../../../arm-none-eabi/lib/thumb/v7-m/nofp\libg_nano.a(libc_a-errno.o)
 .debug_frame   0x000007e4       0x90 D:/Tools/ARM_Tools/ARM_GCC/bin/../lib/gcc/arm-none-eabi/14.3.1/../../../../arm-none-eabi/lib/thumb/v7-m/nofp\libg_nano.a(libc_a-nano-svfprintf.o)
 .debug_frame   0x00000874       0x60 D:/Tools/ARM_Tools/ARM_GCC/bin/../lib/gcc/arm-none-eabi/14.3.1/../../../../arm-none-eabi/lib/thumb/v7-m/nofp\libg_nano.a(libc_a-nano-vfprintf_i.o)
 .debug_frame   0x000008d4       0x28 D:/Tools/ARM_Tools/ARM_GCC/bin/../lib/gcc/arm-none-eabi/14.3.1/../../../../arm-none-eabi/lib/thumb/v7-m/nofp\libg_nano.a(libc_a-memmove.o)
 .debug_frame   0x000008fc       0x28 D:/Tools/ARM_Tools/ARM_GCC/bin/../lib/gcc/arm-none-eabi/14.3.1/../../../../arm-none-eabi/lib/thumb/v7-m/nofp\libg_nano.a(libc_a-memchr-stub.o)
 .debug_frame   0x00000924       0x28 D:/Tools/ARM_Tools/ARM_GCC/bin/../lib/gcc/arm-none-eabi/14.3.1/../../../../arm-none-eabi/lib/thumb/v7-m/nofp\libg_nano.a(libc_a-memcpy-stub.o)
 .debug_frame   0x0000094c       0x38 D:/Tools/ARM_Tools/ARM_GCC/bin/../lib/gcc/arm-none-eabi/14.3.1/../../../../arm-none-eabi/lib/thumb/v7-m/nofp\libg_nano.a(libc_a-freer.o)
 .debug_frame   0x00000984       0x50 D:/Tools/ARM_Tools/ARM_GCC/bin/../lib/gcc/arm-none-eabi/14.3.1/../../../../arm-none-eabi/lib/thumb/v7-m/nofp\libg_nano.a(libc_a-mallocr.o)
 .debug_frame   0x000009d4       0x30 D:/Tools/ARM_Tools/ARM_GCC/bin/../lib/gcc/arm-none-eabi/14.3.1/../../../../arm-none-eabi/lib/thumb/v7-m/nofp\libg_nano.a(libc_a-mlock.o)
 .debug_frame   0x00000a04       0x3c D:/Tools/ARM_Tools/ARM_GCC/bin/../lib/gcc/arm-none-eabi/14.3.1/../../../../arm-none-eabi/lib/thumb/v7-m/nofp\libg_nano.a(libc_a-reallocr.o)
 .debug_frame   0x00000a40       0x2c D:/Tools/ARM_Tools/ARM_GCC/bin/../lib/gcc/arm-none-eabi/14.3.1/../../../../arm-none-eabi/lib/thumb/v7-m/nofp\libg_nano.a(libc_a-sbrkr.o)
 .debug_frame   0x00000a6c       0xb0 D:/Tools/ARM_Tools/ARM_GCC/bin/../lib/gcc/arm-none-eabi/14.3.1/../../../../arm-none-eabi/lib/thumb/v7-m/nofp\libg_nano.a(libc_a-lock.o)
 .debug_frame   0x00000b1c       0x20 D:/Tools/ARM_Tools/ARM_GCC/bin/../lib/gcc/arm-none-eabi/14.3.1/../../../../arm-none-eabi/lib/thumb/v7-m/nofp\libg_nano.a(libc_a-msizer.o)

.debug_str      0x00000000    0x57ac7
 *(.debug_str)
 .debug_str     0x00000000    0x57ac7 ./system/src/newlib/_exit.o
                               0x7cc0 (size before relaxing)
 .debug_str     0x00057ac7     0x7075 ./system/src/newlib/_sbrk.o
 .debug_str     0x00057ac7     0x66d7 ./system/src/newlib/_startup.o
 .debug_str     0x00057ac7     0x8ff8 ./system/src/newlib/_syscalls.o
 .debug_str     0x00057ac7     0x8433 ./system/src/diag/Trace.o
 .debug_str     0x00057ac7    0x5270c ./system/src/diag/trace_impl.o
 .debug_str     0x00057ac7    0x4e958 ./system/src/cortexm/_initialize_hardware.o
 .debug_str     0x00057ac7    0x53a2c ./system/src/cortexm/exception_handlers.o
 .debug_str     0x00057ac7    0x4ea02 ./system/src/cmsis/system_stm32f10x.o
 .debug_str     0x00057ac7     0x3a5a ./system/src/cmsis/vectors_stm32f10x.o
 .debug_str     0x00057ac7     0x3982 ./src/main.o
 .debug_str     0x00057ac7     0x3397 ./03-HAL/01-LED/LED_program.o
 .debug_str     0x00057ac7     0x37bf ./02-MCAL/03-NVIC/NVIC_program.o
 .debug_str     0x00057ac7     0x3755 ./02-MCAL/02-GPIO/DIO_program.o
 .debug_str     0x00057ac7     0x3a04 ./02-MCAL/01-RCC/RCC_program.o

.debug_loc
 *(.debug_loc)

.debug_macinfo
 *(.debug_macinfo)

.debug_weaknames
 *(.debug_weaknames)

.debug_funcnames
 *(.debug_funcnames)

.debug_typenames
 *(.debug_typenames)

.debug_varnames
 *(.debug_varnames)
OUTPUT(my_app.elf elf32-littlearm)
LOAD linker stubs

.debug_loclists
                0x00000000     0x1174
 .debug_loclists
                0x00000000       0x17 ./system/src/newlib/_exit.o
 .debug_loclists
                0x00000017       0x75 ./system/src/newlib/_sbrk.o
 .debug_loclists
                0x0000008c      0x1c8 ./system/src/newlib/_startup.o
 .debug_loclists
                0x00000254       0x63 ./system/src/newlib/_syscalls.o
 .debug_loclists
                0x000002b7       0xc4 ./system/src/diag/Trace.o
 .debug_loclists
                0x0000037b      0x101 ./system/src/diag/trace_impl.o
 .debug_loclists
                0x0000047c      0x227 ./system/src/cortexm/exception_handlers.o
 .debug_loclists
                0x000006a3       0xb7 ./system/src/cmsis/system_stm32f10x.o
 .debug_loclists
                0x0000075a       0x4e ./src/main.o
 .debug_loclists
                0x000007a8      0x150 ./03-HAL/01-LED/LED_program.o
 .debug_loclists
                0x000008f8      0x158 ./02-MCAL/03-NVIC/NVIC_program.o
 .debug_loclists
                0x00000a50      0x640 ./02-MCAL/02-GPIO/DIO_program.o
 .debug_loclists
                0x00001090       0xe4 ./02-MCAL/01-RCC/RCC_program.o

.debug_rnglists
                0x00000000      0x2cc
 .debug_rnglists
                0x00000000       0x19 ./system/src/newlib/_exit.o
 .debug_rnglists
                0x00000019       0x13 ./system/src/newlib/_sbrk.o
 .debug_rnglists
                0x0000002c       0x2c ./system/src/newlib/_startup.o
 .debug_rnglists
                0x00000058       0x1f ./system/src/newlib/_syscalls.o
 .debug_rnglists
                0x00000077       0x25 ./system/src/diag/Trace.o
 .debug_rnglists
                0x0000009c       0x2b ./system/src/diag/trace_impl.o
 .debug_rnglists
                0x000000c7       0x19 ./system/src/cortexm/_initialize_hardware.o
 .debug_rnglists
                0x000000e0       0x74 ./system/src/cortexm/exception_handlers.o
 .debug_rnglists
                0x00000154       0x27 ./system/src/cmsis/system_stm32f10x.o
 .debug_rnglists
                0x0000017b       0x13 ./system/src/cmsis/vectors_stm32f10x.o
 .debug_rnglists
                0x0000018e       0x2b ./src/main.o
 .debug_rnglists
                0x000001b9       0x25 ./03-HAL/01-LED/LED_program.o
 .debug_rnglists
                0x000001de       0x37 ./02-MCAL/03-NVIC/NVIC_program.o
 .debug_rnglists
                0x00000215       0x86 ./02-MCAL/02-GPIO/DIO_program.o
 .debug_rnglists
                0x0000029b       0x31 ./02-MCAL/01-RCC/RCC_program.o

.debug_macro    0x00000000     0x2efc
 .debug_macro   0x00000000      0x1ae ./system/src/newlib/_exit.o
 .debug_macro   0x000001ae       0x34 ./system/src/newlib/_exit.o
 .debug_macro   0x000001e2       0x16 ./system/src/newlib/_exit.o
 .debug_macro   0x000001f8      0x11c ./system/src/newlib/_exit.o
 .debug_macro   0x00000314       0x9b ./system/src/newlib/_exit.o
 .debug_macro   0x000003af      0x364 ./system/src/newlib/_exit.o
 .debug_macro   0x00000713       0x4a ./system/src/newlib/_exit.o
 .debug_macro   0x0000075d       0x10 ./system/src/newlib/_exit.o
 .debug_macro   0x0000076d       0x58 ./system/src/newlib/_exit.o
 .debug_macro   0x000007c5      0x1e5 ./system/src/newlib/_exit.o
 .debug_macro   0x000009aa       0x16 ./system/src/newlib/_exit.o
 .debug_macro   0x000009c0       0x29 ./system/src/newlib/_exit.o
 .debug_macro   0x000009e9       0x3c ./system/src/newlib/_exit.o
 .debug_macro   0x00000a25      0x163 ./system/src/newlib/_sbrk.o
 .debug_macro   0x00000b88      0x190 ./system/src/newlib/_sbrk.o
 .debug_macro   0x00000d18       0x10 ./system/src/newlib/_sbrk.o
 .debug_macro   0x00000d28      0x23c ./system/src/newlib/_sbrk.o
 .debug_macro   0x00000f64      0x15f ./system/src/newlib/_startup.o
 .debug_macro   0x000010c3      0x239 ./system/src/newlib/_syscalls.o
 .debug_macro   0x000012fc       0x1c ./system/src/newlib/_syscalls.o
 .debug_macro   0x00001318       0x10 ./system/src/newlib/_syscalls.o
 .debug_macro   0x00001328       0x10 ./system/src/newlib/_syscalls.o
 .debug_macro   0x00001338       0x10 ./system/src/newlib/_syscalls.o
 .debug_macro   0x00001348       0x35 ./system/src/newlib/_syscalls.o
 .debug_macro   0x0000137d      0x12c ./system/src/newlib/_syscalls.o
 .debug_macro   0x000014a9       0xce ./system/src/newlib/_syscalls.o
 .debug_macro   0x00001577       0x7c ./system/src/newlib/_syscalls.o
 .debug_macro   0x000015f3       0x17 ./system/src/newlib/_syscalls.o
 .debug_macro   0x0000160a      0x118 ./system/src/newlib/_syscalls.o
 .debug_macro   0x00001722      0x18a ./system/src/newlib/_syscalls.o
 .debug_macro   0x000018ac       0x16 ./system/src/newlib/_syscalls.o
 .debug_macro   0x000018c2      0x1f4 ./system/src/diag/Trace.o
 .debug_macro   0x00001ab6       0x16 ./system/src/diag/Trace.o
 .debug_macro   0x00001acc       0x9e ./system/src/diag/Trace.o
 .debug_macro   0x00001b6a      0x112 ./system/src/diag/Trace.o
 .debug_macro   0x00001c7c       0x10 ./system/src/diag/Trace.o
 .debug_macro   0x00001c8c       0x16 ./system/src/diag/Trace.o
 .debug_macro   0x00001ca2       0x16 ./system/src/diag/Trace.o
 .debug_macro   0x00001cb8      0x170 ./system/src/diag/Trace.o
 .debug_macro   0x00001e28       0x4c ./system/src/diag/Trace.o
 .debug_macro   0x00001e74       0xc1 ./system/src/diag/Trace.o
 .debug_macro   0x00001f35       0x16 ./system/src/diag/Trace.o
 .debug_macro   0x00001f4b      0x2c6 ./system/src/diag/trace_impl.o
 .debug_macro   0x00002211       0x10 ./system/src/diag/trace_impl.o
 .debug_macro   0x00002221       0xdd ./system/src/diag/trace_impl.o
 .debug_macro   0x000022fe       0x20 ./system/src/diag/trace_impl.o
 .debug_macro   0x0000231e       0xcc ./system/src/diag/trace_impl.o
 .debug_macro   0x000023ea       0x22 ./system/src/diag/trace_impl.o
 .debug_macro   0x0000240c      0x16b ./system/src/cortexm/_initialize_hardware.o
 .debug_macro   0x00002577      0x31e ./system/src/cortexm/exception_handlers.o
 .debug_macro   0x00002895       0x3b ./system/src/cortexm/exception_handlers.o
 .debug_macro   0x000028d0       0x10 ./system/src/cortexm/exception_handlers.o
 .debug_macro   0x000028e0      0x16e ./system/src/cmsis/system_stm32f10x.o
 .debug_macro   0x00002a4e       0x34 ./system/src/cmsis/vectors_stm32f10x.o
 .debug_macro   0x00002a82       0x52 ./src/main.o
 .debug_macro   0x00002ad4       0x3a ./src/main.o
 .debug_macro   0x00002b0e       0x2e ./src/main.o
 .debug_macro   0x00002b3c       0x70 ./src/main.o
 .debug_macro   0x00002bac       0x3a ./src/main.o
 .debug_macro   0x00002be6       0x28 ./src/main.o
 .debug_macro   0x00002c0e       0x4a ./03-HAL/01-LED/LED_program.o
 .debug_macro   0x00002c58       0x44 ./02-MCAL/03-NVIC/NVIC_program.o
 .debug_macro   0x00002c9c       0x6a ./02-MCAL/03-NVIC/NVIC_program.o
 .debug_macro   0x00002d06       0x10 ./02-MCAL/03-NVIC/NVIC_program.o
 .debug_macro   0x00002d16       0x3f ./02-MCAL/02-GPIO/DIO_program.o
 .debug_macro   0x00002d55       0x2e ./02-MCAL/02-GPIO/DIO_program.o
 .debug_macro   0x00002d83       0x3f ./02-MCAL/01-RCC/RCC_program.o
 .debug_macro   0x00002dc2      0x118 ./02-MCAL/01-RCC/RCC_program.o
 .debug_macro   0x00002eda       0x22 ./02-MCAL/01-RCC/RCC_program.o
